2026-04-28 16:36:19,044 INFO o.a.j.u.JMeterUtils: Setting Locale to en_EN
2026-04-28 16:36:19,056 INFO o.a.j.JMeter: Loading user properties from: /opt/homebrew/Cellar/jmeter/5.6.3/libexec/bin/user.properties
2026-04-28 16:36:19,057 INFO o.a.j.JMeter: Loading system properties from: /opt/homebrew/Cellar/jmeter/5.6.3/libexec/bin/system.properties
2026-04-28 16:36:19,057 INFO o.a.j.JMeter: Setting JMeter property: baseUrl=localhost
2026-04-28 16:36:19,057 INFO o.a.j.JMeter: Setting JMeter property: port=8080
2026-04-28 16:36:19,057 INFO o.a.j.JMeter: Setting JMeter property: protocol=http
2026-04-28 16:36:19,057 INFO o.a.j.JMeter: Setting JMeter property: activityId=1
2026-04-28 16:36:19,057 INFO o.a.j.JMeter: Setting JMeter property: loginUsername=admin
2026-04-28 16:36:19,057 INFO o.a.j.JMeter: Setting JMeter property: loginPassword=123456
2026-04-28 16:36:19,057 INFO o.a.j.JMeter: Setting JMeter property: studentsFile=students_demo.csv
2026-04-28 16:36:19,057 INFO o.a.j.JMeter: Setting JMeter property: scene1Threads=30
2026-04-28 16:36:19,057 INFO o.a.j.JMeter: Setting JMeter property: scene1Ramp=15
2026-04-28 16:36:19,058 INFO o.a.j.JMeter: Setting JMeter property: scene1Loops=15
2026-04-28 16:36:19,058 INFO o.a.j.JMeter: Setting JMeter property: scene2Threads=150
2026-04-28 16:36:19,058 INFO o.a.j.JMeter: Setting JMeter property: scene2Ramp=30
2026-04-28 16:36:19,058 INFO o.a.j.JMeter: Setting JMeter property: scene2Loops=2
2026-04-28 16:36:19,060 INFO o.a.j.JMeter: Copyright (c) 1998-2024 The Apache Software Foundation
2026-04-28 16:36:19,060 INFO o.a.j.JMeter: Version 5.6.3
2026-04-28 16:36:19,060 INFO o.a.j.JMeter: java.version=21.0.10
2026-04-28 16:36:19,060 INFO o.a.j.JMeter: java.vm.name=OpenJDK 64-Bit Server VM
2026-04-28 16:36:19,060 INFO o.a.j.JMeter: os.name=Mac OS X
2026-04-28 16:36:19,060 INFO o.a.j.JMeter: os.arch=aarch64
2026-04-28 16:36:19,060 INFO o.a.j.JMeter: os.version=26.3.1
2026-04-28 16:36:19,060 INFO o.a.j.JMeter: file.encoding=UTF-8
2026-04-28 16:36:19,060 INFO o.a.j.JMeter: java.awt.headless=true
2026-04-28 16:36:19,060 INFO o.a.j.JMeter: Max memory     =1073741824
2026-04-28 16:36:19,060 INFO o.a.j.JMeter: Available Processors =10
2026-04-28 16:36:19,065 INFO o.a.j.JMeter: Default Locale=English (EN)
2026-04-28 16:36:19,065 INFO o.a.j.JMeter: JMeter  Locale=English (EN)
2026-04-28 16:36:19,065 INFO o.a.j.JMeter: JMeterHome=/opt/homebrew/Cellar/jmeter/5.6.3/libexec
2026-04-28 16:36:19,065 INFO o.a.j.JMeter: user.dir  =/Users/daixin/Java_project/jmeter_java_signup_pack/jmeter
2026-04-28 16:36:19,065 INFO o.a.j.JMeter: PWD       =/Users/daixin/Java_project/jmeter_java_signup_pack/jmeter
2026-04-28 16:36:19,083 INFO o.a.j.JMeter: IP: 127.0.0.1 Name: daixindeMacBook-Pro.local FullName: localhost
2026-04-28 16:36:19,100 INFO o.a.j.JMeter: Setting property 'jmeter.reportgenerator.outputdir' to:'/Users/daixin/Java_project/jmeter_java_signup_pack/jmeter/runs/20260428_163618/report'
2026-04-28 16:36:19,102 INFO o.a.j.s.FileServer: Default base='/Users/daixin/Java_project/jmeter_java_signup_pack/jmeter'
2026-04-28 16:36:19,103 INFO o.a.j.s.FileServer: Set new base='/Users/daixin/Java_project/jmeter_java_signup_pack/jmeter'
2026-04-28 16:36:19,209 INFO o.a.j.s.SaveService: Testplan (JMX) version: 2.2. Testlog (JTL) version: 2.2
2026-04-28 16:36:19,233 INFO o.a.j.s.SaveService: Using SaveService properties version 5.0
2026-04-28 16:36:19,236 INFO o.a.j.s.SaveService: Using SaveService properties file encoding UTF-8
2026-04-28 16:36:19,238 INFO o.a.j.s.SaveService: Loading file: online_registration_performance_test_v2_demo.jmx
2026-04-28 16:36:19,259 INFO o.a.j.p.h.c.CookieManager: Settings: Delete null: true Check: true Allow variable: true Save: false Prefix: COOKIE_
2026-04-28 16:36:19,272 INFO o.a.j.p.h.s.HTTPSamplerBase: Parser for text/html is org.apache.jmeter.protocol.http.parser.LagartoBasedHtmlParser
2026-04-28 16:36:19,272 INFO o.a.j.p.h.s.HTTPSamplerBase: Parser for application/xhtml+xml is org.apache.jmeter.protocol.http.parser.LagartoBasedHtmlParser
2026-04-28 16:36:19,272 INFO o.a.j.p.h.s.HTTPSamplerBase: Parser for application/xml is org.apache.jmeter.protocol.http.parser.LagartoBasedHtmlParser
2026-04-28 16:36:19,272 INFO o.a.j.p.h.s.HTTPSamplerBase: Parser for text/xml is org.apache.jmeter.protocol.http.parser.LagartoBasedHtmlParser
2026-04-28 16:36:19,272 INFO o.a.j.p.h.s.HTTPSamplerBase: Parser for text/vnd.wap.wml is org.apache.jmeter.protocol.http.parser.RegexpHTMLParser
2026-04-28 16:36:19,272 INFO o.a.j.p.h.s.HTTPSamplerBase: Parser for text/css is org.apache.jmeter.protocol.http.parser.CssParser
2026-04-28 16:36:19,306 INFO o.a.j.JMeter: Creating summariser <summary>
2026-04-28 16:36:19,313 INFO o.a.j.r.d.ReportGenerator: ReportGenerator will use for Parsing the separator: ','
2026-04-28 16:36:19,313 INFO o.a.j.r.d.ReportGenerator: Will generate report at end of test from  results file: runs/20260428_163618/result.jtl
2026-04-28 16:36:19,313 INFO o.a.j.r.d.ReportGenerator: Reading report generator properties from: /opt/homebrew/Cellar/jmeter/5.6.3/libexec/bin/reportgenerator.properties
2026-04-28 16:36:19,314 INFO o.a.j.r.d.ReportGenerator: Merging with JMeter properties
2026-04-28 16:36:19,316 INFO o.a.j.r.c.ReportGeneratorConfiguration: Property 'jmeter.reportgenerator.temp_dir' not found, using default value 'temp' instead.
2026-04-28 16:36:19,318 INFO o.a.j.r.c.ReportGeneratorConfiguration: Property 'jmeter.reportgenerator.apdex_per_transaction' not found, using default value 'null' instead.
2026-04-28 16:36:19,318 INFO o.a.j.r.c.ReportGeneratorConfiguration: apdex_per_transaction is empty, not APDEX per transaction customization
2026-04-28 16:36:19,318 INFO o.a.j.r.c.ReportGeneratorConfiguration: Property 'jmeter.reportgenerator.sample_filter' not found, using default value 'null' instead.
2026-04-28 16:36:19,318 INFO o.a.j.r.c.ReportGeneratorConfiguration: Property 'jmeter.reportgenerator.report_title' not found, using default value 'null' instead.
2026-04-28 16:36:19,318 INFO o.a.j.r.c.ReportGeneratorConfiguration: Property 'jmeter.reportgenerator.start_date' not found, using default value 'null' instead.
2026-04-28 16:36:19,318 INFO o.a.j.r.c.ReportGeneratorConfiguration: Property 'jmeter.reportgenerator.end_date' not found, using default value 'null' instead.
2026-04-28 16:36:19,319 INFO o.a.j.r.c.ReportGeneratorConfiguration: Property 'jmeter.reportgenerator.date_format' not found, using default value 'null' instead.
2026-04-28 16:36:19,320 INFO o.a.j.r.c.ReportGeneratorConfiguration: Will use date range start date: null, end date: null
2026-04-28 16:36:19,323 INFO o.a.j.r.c.ReportGeneratorConfiguration: Property 'jmeter.reportgenerator.graph.totalTPS.exclude_controllers' not found, using default value 'false' instead.
2026-04-28 16:36:19,323 INFO o.a.j.r.c.ReportGeneratorConfiguration: Property 'jmeter.reportgenerator.graph.activeThreadsOverTime.exclude_controllers' not found, using default value 'false' instead.
2026-04-28 16:36:19,323 INFO o.a.j.r.c.ReportGeneratorConfiguration: Property 'jmeter.reportgenerator.graph.timeVsThreads.exclude_controllers' not found, using default value 'false' instead.
2026-04-28 16:36:19,323 INFO o.a.j.r.c.ReportGeneratorConfiguration: Property 'jmeter.reportgenerator.graph.responseTimeDistribution.exclude_controllers' not found, using default value 'false' instead.
2026-04-28 16:36:19,323 INFO o.a.j.r.c.ReportGeneratorConfiguration: Property 'jmeter.reportgenerator.graph.transactionsPerSecond.exclude_controllers' not found, using default value 'false' instead.
2026-04-28 16:36:19,324 INFO o.a.j.r.c.ReportGeneratorConfiguration: Property 'jmeter.reportgenerator.graph.responseTimePercentiles.exclude_controllers' not found, using default value 'false' instead.
2026-04-28 16:36:19,324 INFO o.a.j.r.c.ReportGeneratorConfiguration: Property 'jmeter.reportgenerator.graph.responseTimePercentilesOverTime.exclude_controllers' not found, using default value 'false' instead.
2026-04-28 16:36:19,324 INFO o.a.j.r.c.ReportGeneratorConfiguration: Property 'jmeter.reportgenerator.graph.responseTimesOverTime.exclude_controllers' not found, using default value 'false' instead.
2026-04-28 16:36:19,324 INFO o.a.j.r.c.ReportGeneratorConfiguration: Property 'jmeter.reportgenerator.graph.connectTimeOverTime.exclude_controllers' not found, using default value 'false' instead.
2026-04-28 16:36:19,324 INFO o.a.j.r.c.ReportGeneratorConfiguration: Property 'jmeter.reportgenerator.graph.latenciesOverTime.exclude_controllers' not found, using default value 'false' instead.
2026-04-28 16:36:19,324 INFO o.a.j.r.c.ReportGeneratorConfiguration: Property 'jmeter.reportgenerator.exporter.json.filters_only_sample_series' not found, using default value 'true' instead.
2026-04-28 16:36:19,324 INFO o.a.j.r.c.ReportGeneratorConfiguration: Property 'jmeter.reportgenerator.exporter.json.series_filter' not found, using default value '' instead.
2026-04-28 16:36:19,324 INFO o.a.j.r.c.ReportGeneratorConfiguration: Property 'jmeter.reportgenerator.exporter.json.show_controllers_only' not found, using default value 'false' instead.
2026-04-28 16:36:19,325 INFO o.a.j.r.c.ReportGeneratorConfiguration: Property 'jmeter.reportgenerator.exporter.html.filters_only_sample_series' not found, using default value 'true' instead.
2026-04-28 16:36:19,325 INFO o.a.j.r.c.ReportGeneratorConfiguration: Property 'jmeter.reportgenerator.exporter.html.series_filter' not found, using default value '' instead.
2026-04-28 16:36:19,325 INFO o.a.j.r.c.ReportGeneratorConfiguration: Property 'jmeter.reportgenerator.exporter.html.show_controllers_only' not found, using default value 'false' instead.
2026-04-28 16:36:19,331 INFO o.a.j.e.StandardJMeterEngine: Running the test!
2026-04-28 16:36:19,331 INFO o.a.j.s.SampleEvent: List of sample_variables: []
2026-04-28 16:36:19,331 INFO o.a.j.s.SampleEvent: List of sample_variables: []
2026-04-28 16:36:19,333 INFO o.a.j.e.u.CompoundVariable: Note: Function class names must contain the string: '.functions.'
2026-04-28 16:36:19,333 INFO o.a.j.e.u.CompoundVariable: Note: Function class names must not contain the string: '.gui.'
2026-04-28 16:36:19,362 INFO o.a.j.r.ClassFinder: Will scan jar /opt/homebrew/Cellar/jmeter/5.6.3/libexec/lib/ext/jmeter-plugins-manager-1.9.jar with filter ExtendsClassFilter [parents=[interface org.apache.jmeter.functions.Function], inner=false, contains=null, notContains=null]. Consider exposing JMeter plugins via META-INF/services, and add JMeter-Skip-Class-Scanning=true manifest attribute so JMeter can skip classfile scanning
2026-04-28 16:36:19,426 INFO o.a.j.JMeter: Running test (1777365379425)
2026-04-28 16:36:19,436 INFO o.a.j.e.StandardJMeterEngine: Starting ThreadGroup: 1 : 场景1-DEMO-活动列表基线
2026-04-28 16:36:19,436 INFO o.a.j.e.StandardJMeterEngine: Starting 30 threads for group 场景1-DEMO-活动列表基线.
2026-04-28 16:36:19,436 INFO o.a.j.e.StandardJMeterEngine: Thread will continue on error
2026-04-28 16:36:19,436 INFO o.a.j.t.ThreadGroup: Starting thread group... number=1 threads=30 ramp-up=15 delayedStart=false
2026-04-28 16:36:19,445 INFO o.a.j.t.ThreadGroup: Started thread group number 1
2026-04-28 16:36:19,445 INFO o.a.j.e.StandardJMeterEngine: Starting ThreadGroup: 2 : 场景2-DEMO-在线报名并发
2026-04-28 16:36:19,445 INFO o.a.j.e.StandardJMeterEngine: Starting 150 threads for group 场景2-DEMO-在线报名并发.
2026-04-28 16:36:19,445 INFO o.a.j.e.StandardJMeterEngine: Thread will continue on error
2026-04-28 16:36:19,445 INFO o.a.j.t.ThreadGroup: Starting thread group... number=2 threads=150 ramp-up=30 delayedStart=false
2026-04-28 16:36:19,493 INFO o.a.j.t.JMeterThread: Thread started: 场景2-DEMO-在线报名并发 2-1
2026-04-28 16:36:19,494 INFO o.a.j.s.FileServer: Stored: /Users/daixin/Java_project/jmeter_java_signup_pack/jmeter/students_demo.csv
2026-04-28 16:36:19,494 INFO o.a.j.t.JMeterThread: Thread started: 场景1-DEMO-活动列表基线 1-1
2026-04-28 16:36:19,498 INFO o.a.j.t.ThreadGroup: Started thread group number 2
2026-04-28 16:36:19,498 INFO o.a.j.e.StandardJMeterEngine: All thread groups have been started
2026-04-28 16:36:19,514 INFO o.a.j.p.h.s.HTTPHCAbstractImpl: Local host = daixindeMacBook-Pro.local
2026-04-28 16:36:19,525 INFO o.a.j.p.h.s.HTTPHC4Impl: HTTP request retry count = 0
2026-04-28 16:36:19,526 INFO o.a.j.s.SampleResult: Note: Sample TimeStamps are START times
2026-04-28 16:36:19,526 INFO o.a.j.s.SampleResult: sampleresult.default.encoding is set to UTF-8
2026-04-28 16:36:19,526 INFO o.a.j.s.SampleResult: sampleresult.useNanoTime=true
2026-04-28 16:36:19,526 INFO o.a.j.s.SampleResult: sampleresult.nanoThreadSleep=5000
2026-04-28 16:36:19,579 WARN o.a.j.p.h.s.HTTPSamplerBase: Existing CookieManager HTTP Cookie管理器 superseded by HTTP Cookie管理器
2026-04-28 16:36:19,584 INFO o.a.j.t.JMeterThread: Thread is done: 场景2-DEMO-在线报名并发 2-1
2026-04-28 16:36:19,584 INFO o.a.j.t.JMeterThread: Thread finished: 场景2-DEMO-在线报名并发 2-1
2026-04-28 16:36:19,587 INFO o.a.j.t.JMeterThread: Thread is done: 场景1-DEMO-活动列表基线 1-1
2026-04-28 16:36:19,587 INFO o.a.j.t.JMeterThread: Thread finished: 场景1-DEMO-活动列表基线 1-1
2026-04-28 16:36:19,697 INFO o.a.j.t.JMeterThread: Thread started: 场景2-DEMO-在线报名并发 2-2
2026-04-28 16:36:19,730 WARN o.a.j.p.h.s.HTTPSamplerBase: Existing CookieManager HTTP Cookie管理器 superseded by HTTP Cookie管理器
2026-04-28 16:36:19,740 INFO o.a.j.t.JMeterThread: Thread is done: 场景2-DEMO-在线报名并发 2-2
2026-04-28 16:36:19,740 INFO o.a.j.t.JMeterThread: Thread finished: 场景2-DEMO-在线报名并发 2-2
2026-04-28 16:36:19,896 INFO o.a.j.t.JMeterThread: Thread started: 场景2-DEMO-在线报名并发 2-3
2026-04-28 16:36:19,909 WARN o.a.j.p.h.s.HTTPSamplerBase: Existing CookieManager HTTP Cookie管理器 superseded by HTTP Cookie管理器
2026-04-28 16:36:19,914 INFO o.a.j.t.JMeterThread: Thread is done: 场景2-DEMO-在线报名并发 2-3
2026-04-28 16:36:19,914 INFO o.a.j.t.JMeterThread: Thread finished: 场景2-DEMO-在线报名并发 2-3
2026-04-28 16:36:19,995 INFO o.a.j.t.JMeterThread: Thread started: 场景1-DEMO-活动列表基线 1-2
2026-04-28 16:36:20,020 INFO o.a.j.t.JMeterThread: Thread is done: 场景1-DEMO-活动列表基线 1-2
2026-04-28 16:36:20,020 INFO o.a.j.t.JMeterThread: Thread finished: 场景1-DEMO-活动列表基线 1-2
2026-04-28 16:36:20,099 INFO o.a.j.t.JMeterThread: Thread started: 场景2-DEMO-在线报名并发 2-4
2026-04-28 16:36:20,112 WARN o.a.j.p.h.s.HTTPSamplerBase: Existing CookieManager HTTP Cookie管理器 superseded by HTTP Cookie管理器
2026-04-28 16:36:20,121 INFO o.a.j.t.JMeterThread: Thread is done: 场景2-DEMO-在线报名并发 2-4
2026-04-28 16:36:20,121 INFO o.a.j.t.JMeterThread: Thread finished: 场景2-DEMO-在线报名并发 2-4
2026-04-28 16:36:20,297 INFO o.a.j.t.JMeterThread: Thread started: 场景2-DEMO-在线报名并发 2-5
2026-04-28 16:36:20,310 WARN o.a.j.p.h.s.HTTPSamplerBase: Existing CookieManager HTTP Cookie管理器 superseded by HTTP Cookie管理器
2026-04-28 16:36:20,316 INFO o.a.j.t.JMeterThread: Thread is done: 场景2-DEMO-在线报名并发 2-5
2026-04-28 16:36:20,316 INFO o.a.j.t.JMeterThread: Thread finished: 场景2-DEMO-在线报名并发 2-5
2026-04-28 16:36:20,494 INFO o.a.j.t.JMeterThread: Thread started: 场景1-DEMO-活动列表基线 1-3
2026-04-28 16:36:20,499 INFO o.a.j.t.JMeterThread: Thread started: 场景2-DEMO-在线报名并发 2-6
2026-04-28 16:36:20,509 WARN o.a.j.p.h.s.HTTPSamplerBase: Existing CookieManager HTTP Cookie管理器 superseded by HTTP Cookie管理器
2026-04-28 16:36:20,513 INFO o.a.j.t.JMeterThread: Thread is done: 场景2-DEMO-在线报名并发 2-6
2026-04-28 16:36:20,513 INFO o.a.j.t.JMeterThread: Thread finished: 场景2-DEMO-在线报名并发 2-6
2026-04-28 16:36:20,516 INFO o.a.j.t.JMeterThread: Thread is done: 场景1-DEMO-活动列表基线 1-3
2026-04-28 16:36:20,516 INFO o.a.j.t.JMeterThread: Thread finished: 场景1-DEMO-活动列表基线 1-3
2026-04-28 16:36:20,691 INFO o.a.j.t.JMeterThread: Thread started: 场景2-DEMO-在线报名并发 2-7
2026-04-28 16:36:20,705 WARN o.a.j.p.h.s.HTTPSamplerBase: Existing CookieManager HTTP Cookie管理器 superseded by HTTP Cookie管理器
2026-04-28 16:36:20,711 INFO o.a.j.t.JMeterThread: Thread is done: 场景2-DEMO-在线报名并发 2-7
2026-04-28 16:36:20,712 INFO o.a.j.t.JMeterThread: Thread finished: 场景2-DEMO-在线报名并发 2-7
2026-04-28 16:36:20,892 INFO o.a.j.t.JMeterThread: Thread started: 场景2-DEMO-在线报名并发 2-8
2026-04-28 16:36:20,905 WARN o.a.j.p.h.s.HTTPSamplerBase: Existing CookieManager HTTP Cookie管理器 superseded by HTTP Cookie管理器
2026-04-28 16:36:20,910 INFO o.a.j.t.JMeterThread: Thread is done: 场景2-DEMO-在线报名并发 2-8
2026-04-28 16:36:20,910 INFO o.a.j.t.JMeterThread: Thread finished: 场景2-DEMO-在线报名并发 2-8
2026-04-28 16:36:20,995 INFO o.a.j.t.JMeterThread: Thread started: 场景1-DEMO-活动列表基线 1-4
2026-04-28 16:36:21,017 INFO o.a.j.t.JMeterThread: Thread is done: 场景1-DEMO-活动列表基线 1-4
2026-04-28 16:36:21,017 INFO o.a.j.t.JMeterThread: Thread finished: 场景1-DEMO-活动列表基线 1-4
2026-04-28 16:36:21,093 INFO o.a.j.t.JMeterThread: Thread started: 场景2-DEMO-在线报名并发 2-9
2026-04-28 16:36:21,106 WARN o.a.j.p.h.s.HTTPSamplerBase: Existing CookieManager HTTP Cookie管理器 superseded by HTTP Cookie管理器
2026-04-28 16:36:21,112 INFO o.a.j.t.JMeterThread: Thread is done: 场景2-DEMO-在线报名并发 2-9
2026-04-28 16:36:21,112 INFO o.a.j.t.JMeterThread: Thread finished: 场景2-DEMO-在线报名并发 2-9
2026-04-28 16:36:21,295 INFO o.a.j.t.JMeterThread: Thread started: 场景2-DEMO-在线报名并发 2-10
2026-04-28 16:36:21,307 WARN o.a.j.p.h.s.HTTPSamplerBase: Existing CookieManager HTTP Cookie管理器 superseded by HTTP Cookie管理器
2026-04-28 16:36:21,313 INFO o.a.j.t.JMeterThread: Thread is done: 场景2-DEMO-在线报名并发 2-10
2026-04-28 16:36:21,313 INFO o.a.j.t.JMeterThread: Thread finished: 场景2-DEMO-在线报名并发 2-10
2026-04-28 16:36:21,490 INFO o.a.j.t.JMeterThread: Thread started: 场景2-DEMO-在线报名并发 2-11
2026-04-28 16:36:21,496 INFO o.a.j.t.JMeterThread: Thread started: 场景1-DEMO-活动列表基线 1-5
2026-04-28 16:36:21,502 WARN o.a.j.p.h.s.HTTPSamplerBase: Existing CookieManager HTTP Cookie管理器 superseded by HTTP Cookie管理器
2026-04-28 16:36:21,507 INFO o.a.j.t.JMeterThread: Thread is done: 场景2-DEMO-在线报名并发 2-11
2026-04-28 16:36:21,507 INFO o.a.j.t.JMeterThread: Thread finished: 场景2-DEMO-在线报名并发 2-11
2026-04-28 16:36:21,511 INFO o.a.j.t.JMeterThread: Thread is done: 场景1-DEMO-活动列表基线 1-5
2026-04-28 16:36:21,511 INFO o.a.j.t.JMeterThread: Thread finished: 场景1-DEMO-活动列表基线 1-5
2026-04-28 16:36:21,691 INFO o.a.j.t.JMeterThread: Thread started: 场景2-DEMO-在线报名并发 2-12
2026-04-28 16:36:21,702 WARN o.a.j.p.h.s.HTTPSamplerBase: Existing CookieManager HTTP Cookie管理器 superseded by HTTP Cookie管理器
2026-04-28 16:36:21,708 INFO o.a.j.t.JMeterThread: Thread is done: 场景2-DEMO-在线报名并发 2-12
2026-04-28 16:36:21,709 INFO o.a.j.t.JMeterThread: Thread finished: 场景2-DEMO-在线报名并发 2-12
2026-04-28 16:36:21,898 INFO o.a.j.t.JMeterThread: Thread started: 场景2-DEMO-在线报名并发 2-13
2026-04-28 16:36:21,909 WARN o.a.j.p.h.s.HTTPSamplerBase: Existing CookieManager HTTP Cookie管理器 superseded by HTTP Cookie管理器
2026-04-28 16:36:21,917 INFO o.a.j.t.JMeterThread: Thread is done: 场景2-DEMO-在线报名并发 2-13
2026-04-28 16:36:21,918 INFO o.a.j.t.JMeterThread: Thread finished: 场景2-DEMO-在线报名并发 2-13
2026-04-28 16:36:21,994 INFO o.a.j.t.JMeterThread: Thread started: 场景1-DEMO-活动列表基线 1-6
2026-04-28 16:36:22,015 INFO o.a.j.t.JMeterThread: Thread is done: 场景1-DEMO-活动列表基线 1-6
2026-04-28 16:36:22,015 INFO o.a.j.t.JMeterThread: Thread finished: 场景1-DEMO-活动列表基线 1-6
2026-04-28 16:36:22,096 INFO o.a.j.t.JMeterThread: Thread started: 场景2-DEMO-在线报名并发 2-14
2026-04-28 16:36:22,110 WARN o.a.j.p.h.s.HTTPSamplerBase: Existing CookieManager HTTP Cookie管理器 superseded by HTTP Cookie管理器
2026-04-28 16:36:22,115 INFO o.a.j.t.JMeterThread: Thread is done: 场景2-DEMO-在线报名并发 2-14
2026-04-28 16:36:22,115 INFO o.a.j.t.JMeterThread: Thread finished: 场景2-DEMO-在线报名并发 2-14
2026-04-28 16:36:22,297 INFO o.a.j.t.JMeterThread: Thread started: 场景2-DEMO-在线报名并发 2-15
2026-04-28 16:36:22,310 WARN o.a.j.p.h.s.HTTPSamplerBase: Existing CookieManager HTTP Cookie管理器 superseded by HTTP Cookie管理器
2026-04-28 16:36:22,321 INFO o.a.j.t.JMeterThread: Thread is done: 场景2-DEMO-在线报名并发 2-15
2026-04-28 16:36:22,321 INFO o.a.j.t.JMeterThread: Thread finished: 场景2-DEMO-在线报名并发 2-15
2026-04-28 16:36:22,494 INFO o.a.j.t.JMeterThread: Thread started: 场景2-DEMO-在线报名并发 2-16
2026-04-28 16:36:22,498 INFO o.a.j.t.JMeterThread: Thread started: 场景1-DEMO-活动列表基线 1-7
2026-04-28 16:36:22,506 WARN o.a.j.p.h.s.HTTPSamplerBase: Existing CookieManager HTTP Cookie管理器 superseded by HTTP Cookie管理器
2026-04-28 16:36:22,510 INFO o.a.j.t.JMeterThread: Thread is done: 场景2-DEMO-在线报名并发 2-16
2026-04-28 16:36:22,510 INFO o.a.j.t.JMeterThread: Thread finished: 场景2-DEMO-在线报名并发 2-16
2026-04-28 16:36:22,513 INFO o.a.j.t.JMeterThread: Thread is done: 场景1-DEMO-活动列表基线 1-7
2026-04-28 16:36:22,513 INFO o.a.j.t.JMeterThread: Thread finished: 场景1-DEMO-活动列表基线 1-7
2026-04-28 16:36:22,694 INFO o.a.j.t.JMeterThread: Thread started: 场景2-DEMO-在线报名并发 2-17
2026-04-28 16:36:22,704 WARN o.a.j.p.h.s.HTTPSamplerBase: Existing CookieManager HTTP Cookie管理器 superseded by HTTP Cookie管理器
2026-04-28 16:36:22,709 INFO o.a.j.t.JMeterThread: Thread is done: 场景2-DEMO-在线报名并发 2-17
2026-04-28 16:36:22,709 INFO o.a.j.t.JMeterThread: Thread finished: 场景2-DEMO-在线报名并发 2-17
2026-04-28 16:36:22,896 INFO o.a.j.t.JMeterThread: Thread started: 场景2-DEMO-在线报名并发 2-18
2026-04-28 16:36:22,905 WARN o.a.j.p.h.s.HTTPSamplerBase: Existing CookieManager HTTP Cookie管理器 superseded by HTTP Cookie管理器
2026-04-28 16:36:22,909 INFO o.a.j.t.JMeterThread: Thread is done: 场景2-DEMO-在线报名并发 2-18
2026-04-28 16:36:22,909 INFO o.a.j.t.JMeterThread: Thread finished: 场景2-DEMO-在线报名并发 2-18
2026-04-28 16:36:22,991 INFO o.a.j.t.JMeterThread: Thread started: 场景1-DEMO-活动列表基线 1-8
2026-04-28 16:36:23,016 INFO o.a.j.t.JMeterThread: Thread is done: 场景1-DEMO-活动列表基线 1-8
2026-04-28 16:36:23,016 INFO o.a.j.t.JMeterThread: Thread finished: 场景1-DEMO-活动列表基线 1-8
2026-04-28 16:36:23,090 INFO o.a.j.t.JMeterThread: Thread started: 场景2-DEMO-在线报名并发 2-19
2026-04-28 16:36:23,097 WARN o.a.j.p.h.s.HTTPSamplerBase: Existing CookieManager HTTP Cookie管理器 superseded by HTTP Cookie管理器
2026-04-28 16:36:23,100 INFO o.a.j.t.JMeterThread: Thread is done: 场景2-DEMO-在线报名并发 2-19
2026-04-28 16:36:23,100 INFO o.a.j.t.JMeterThread: Thread finished: 场景2-DEMO-在线报名并发 2-19
2026-04-28 16:36:23,294 INFO o.a.j.t.JMeterThread: Thread started: 场景2-DEMO-在线报名并发 2-20
2026-04-28 16:36:23,304 WARN o.a.j.p.h.s.HTTPSamplerBase: Existing CookieManager HTTP Cookie管理器 superseded by HTTP Cookie管理器
2026-04-28 16:36:23,308 INFO o.a.j.t.JMeterThread: Thread is done: 场景2-DEMO-在线报名并发 2-20
2026-04-28 16:36:23,309 INFO o.a.j.t.JMeterThread: Thread finished: 场景2-DEMO-在线报名并发 2-20
2026-04-28 16:36:23,493 INFO o.a.j.t.JMeterThread: Thread started: 场景2-DEMO-在线报名并发 2-21
2026-04-28 16:36:23,497 INFO o.a.j.t.JMeterThread: Thread started: 场景1-DEMO-活动列表基线 1-9
2026-04-28 16:36:23,506 WARN o.a.j.p.h.s.HTTPSamplerBase: Existing CookieManager HTTP Cookie管理器 superseded by HTTP Cookie管理器
2026-04-28 16:36:23,511 INFO o.a.j.t.JMeterThread: Thread is done: 场景2-DEMO-在线报名并发 2-21
2026-04-28 16:36:23,511 INFO o.a.j.t.JMeterThread: Thread finished: 场景2-DEMO-在线报名并发 2-21
2026-04-28 16:36:23,515 INFO o.a.j.t.JMeterThread: Thread is done: 场景1-DEMO-活动列表基线 1-9
2026-04-28 16:36:23,515 INFO o.a.j.t.JMeterThread: Thread finished: 场景1-DEMO-活动列表基线 1-9
2026-04-28 16:36:23,694 INFO o.a.j.t.JMeterThread: Thread started: 场景2-DEMO-在线报名并发 2-22
2026-04-28 16:36:23,704 WARN o.a.j.p.h.s.HTTPSamplerBase: Existing CookieManager HTTP Cookie管理器 superseded by HTTP Cookie管理器
2026-04-28 16:36:23,710 INFO o.a.j.t.JMeterThread: Thread is done: 场景2-DEMO-在线报名并发 2-22
2026-04-28 16:36:23,710 INFO o.a.j.t.JMeterThread: Thread finished: 场景2-DEMO-在线报名并发 2-22
2026-04-28 16:36:23,891 INFO o.a.j.t.JMeterThread: Thread started: 场景2-DEMO-在线报名并发 2-23
2026-04-28 16:36:23,904 WARN o.a.j.p.h.s.HTTPSamplerBase: Existing CookieManager HTTP Cookie管理器 superseded by HTTP Cookie管理器
2026-04-28 16:36:23,910 INFO o.a.j.t.JMeterThread: Thread is done: 场景2-DEMO-在线报名并发 2-23
2026-04-28 16:36:23,910 INFO o.a.j.t.JMeterThread: Thread finished: 场景2-DEMO-在线报名并发 2-23
2026-04-28 16:36:23,997 INFO o.a.j.t.JMeterThread: Thread started: 场景1-DEMO-活动列表基线 1-10
2026-04-28 16:36:24,019 INFO o.a.j.t.JMeterThread: Thread is done: 场景1-DEMO-活动列表基线 1-10
2026-04-28 16:36:24,019 INFO o.a.j.t.JMeterThread: Thread finished: 场景1-DEMO-活动列表基线 1-10
2026-04-28 16:36:24,095 INFO o.a.j.t.JMeterThread: Thread started: 场景2-DEMO-在线报名并发 2-24
2026-04-28 16:36:24,102 WARN o.a.j.p.h.s.HTTPSamplerBase: Existing CookieManager HTTP Cookie管理器 superseded by HTTP Cookie管理器
2026-04-28 16:36:24,119 INFO o.a.j.t.JMeterThread: Thread is done: 场景2-DEMO-在线报名并发 2-24
2026-04-28 16:36:24,119 INFO o.a.j.t.JMeterThread: Thread finished: 场景2-DEMO-在线报名并发 2-24
2026-04-28 16:36:24,290 INFO o.a.j.t.JMeterThread: Thread started: 场景2-DEMO-在线报名并发 2-25
2026-04-28 16:36:24,299 WARN o.a.j.p.h.s.HTTPSamplerBase: Existing CookieManager HTTP Cookie管理器 superseded by HTTP Cookie管理器
2026-04-28 16:36:24,306 INFO o.a.j.t.JMeterThread: Thread is done: 场景2-DEMO-在线报名并发 2-25
2026-04-28 16:36:24,306 INFO o.a.j.t.JMeterThread: Thread finished: 场景2-DEMO-在线报名并发 2-25
2026-04-28 16:36:24,490 INFO o.a.j.t.JMeterThread: Thread started: 场景2-DEMO-在线报名并发 2-26
2026-04-28 16:36:24,496 INFO o.a.j.t.JMeterThread: Thread started: 场景1-DEMO-活动列表基线 1-11
2026-04-28 16:36:24,501 WARN o.a.j.p.h.s.HTTPSamplerBase: Existing CookieManager HTTP Cookie管理器 superseded by HTTP Cookie管理器
2026-04-28 16:36:24,507 INFO o.a.j.t.JMeterThread: Thread is done: 场景2-DEMO-在线报名并发 2-26
2026-04-28 16:36:24,507 INFO o.a.j.t.JMeterThread: Thread finished: 场景2-DEMO-在线报名并发 2-26
2026-04-28 16:36:24,512 INFO o.a.j.t.JMeterThread: Thread is done: 场景1-DEMO-活动列表基线 1-11
2026-04-28 16:36:24,512 INFO o.a.j.t.JMeterThread: Thread finished: 场景1-DEMO-活动列表基线 1-11
2026-04-28 16:36:24,695 INFO o.a.j.t.JMeterThread: Thread started: 场景2-DEMO-在线报名并发 2-27
2026-04-28 16:36:24,706 WARN o.a.j.p.h.s.HTTPSamplerBase: Existing CookieManager HTTP Cookie管理器 superseded by HTTP Cookie管理器
2026-04-28 16:36:24,711 INFO o.a.j.t.JMeterThread: Thread is done: 场景2-DEMO-在线报名并发 2-27
2026-04-28 16:36:24,711 INFO o.a.j.t.JMeterThread: Thread finished: 场景2-DEMO-在线报名并发 2-27
2026-04-28 16:36:24,891 INFO o.a.j.t.JMeterThread: Thread started: 场景2-DEMO-在线报名并发 2-28
2026-04-28 16:36:24,899 WARN o.a.j.p.h.s.HTTPSamplerBase: Existing CookieManager HTTP Cookie管理器 superseded by HTTP Cookie管理器
2026-04-28 16:36:24,903 INFO o.a.j.t.JMeterThread: Thread is done: 场景2-DEMO-在线报名并发 2-28
2026-04-28 16:36:24,903 INFO o.a.j.t.JMeterThread: Thread finished: 场景2-DEMO-在线报名并发 2-28
2026-04-28 16:36:24,999 INFO o.a.j.t.JMeterThread: Thread started: 场景1-DEMO-活动列表基线 1-12
2026-04-28 16:36:25,031 INFO o.a.j.t.JMeterThread: Thread is done: 场景1-DEMO-活动列表基线 1-12
2026-04-28 16:36:25,031 INFO o.a.j.t.JMeterThread: Thread finished: 场景1-DEMO-活动列表基线 1-12
2026-04-28 16:36:25,092 INFO o.a.j.t.JMeterThread: Thread started: 场景2-DEMO-在线报名并发 2-29
2026-04-28 16:36:25,103 WARN o.a.j.p.h.s.HTTPSamplerBase: Existing CookieManager HTTP Cookie管理器 superseded by HTTP Cookie管理器
2026-04-28 16:36:25,109 INFO o.a.j.t.JMeterThread: Thread is done: 场景2-DEMO-在线报名并发 2-29
2026-04-28 16:36:25,110 INFO o.a.j.t.JMeterThread: Thread finished: 场景2-DEMO-在线报名并发 2-29
2026-04-28 16:36:25,287 INFO o.a.j.t.JMeterThread: Thread started: 场景2-DEMO-在线报名并发 2-30
2026-04-28 16:36:25,295 WARN o.a.j.p.h.s.HTTPSamplerBase: Existing CookieManager HTTP Cookie管理器 superseded by HTTP Cookie管理器
2026-04-28 16:36:25,299 INFO o.a.j.t.JMeterThread: Thread is done: 场景2-DEMO-在线报名并发 2-30
2026-04-28 16:36:25,299 INFO o.a.j.t.JMeterThread: Thread finished: 场景2-DEMO-在线报名并发 2-30
2026-04-28 16:36:25,490 INFO o.a.j.t.JMeterThread: Thread started: 场景1-DEMO-活动列表基线 1-13
2026-04-28 16:36:25,490 INFO o.a.j.t.JMeterThread: Thread started: 场景2-DEMO-在线报名并发 2-31
2026-04-28 16:36:25,500 WARN o.a.j.p.h.s.HTTPSamplerBase: Existing CookieManager HTTP Cookie管理器 superseded by HTTP Cookie管理器
2026-04-28 16:36:25,505 INFO o.a.j.t.JMeterThread: Thread is done: 场景2-DEMO-在线报名并发 2-31
2026-04-28 16:36:25,505 INFO o.a.j.t.JMeterThread: Thread finished: 场景2-DEMO-在线报名并发 2-31
2026-04-28 16:36:25,507 INFO o.a.j.t.JMeterThread: Thread is done: 场景1-DEMO-活动列表基线 1-13
2026-04-28 16:36:25,507 INFO o.a.j.t.JMeterThread: Thread finished: 场景1-DEMO-活动列表基线 1-13
2026-04-28 16:36:25,690 INFO o.a.j.t.JMeterThread: Thread started: 场景2-DEMO-在线报名并发 2-32
2026-04-28 16:36:25,701 WARN o.a.j.p.h.s.HTTPSamplerBase: Existing CookieManager HTTP Cookie管理器 superseded by HTTP Cookie管理器
2026-04-28 16:36:25,705 INFO o.a.j.t.JMeterThread: Thread is done: 场景2-DEMO-在线报名并发 2-32
2026-04-28 16:36:25,705 INFO o.a.j.t.JMeterThread: Thread finished: 场景2-DEMO-在线报名并发 2-32
2026-04-28 16:36:25,889 INFO o.a.j.t.JMeterThread: Thread started: 场景2-DEMO-在线报名并发 2-33
2026-04-28 16:36:25,899 WARN o.a.j.p.h.s.HTTPSamplerBase: Existing CookieManager HTTP Cookie管理器 superseded by HTTP Cookie管理器
2026-04-28 16:36:25,905 INFO o.a.j.t.JMeterThread: Thread is done: 场景2-DEMO-在线报名并发 2-33
2026-04-28 16:36:25,905 INFO o.a.j.t.JMeterThread: Thread finished: 场景2-DEMO-在线报名并发 2-33
2026-04-28 16:36:25,987 INFO o.a.j.t.JMeterThread: Thread started: 场景1-DEMO-活动列表基线 1-14
2026-04-28 16:36:26,015 INFO o.a.j.t.JMeterThread: Thread is done: 场景1-DEMO-活动列表基线 1-14
2026-04-28 16:36:26,015 INFO o.a.j.t.JMeterThread: Thread finished: 场景1-DEMO-活动列表基线 1-14
2026-04-28 16:36:26,088 INFO o.a.j.t.JMeterThread: Thread started: 场景2-DEMO-在线报名并发 2-34
2026-04-28 16:36:26,097 WARN o.a.j.p.h.s.HTTPSamplerBase: Existing CookieManager HTTP Cookie管理器 superseded by HTTP Cookie管理器
2026-04-28 16:36:26,102 INFO o.a.j.t.JMeterThread: Thread is done: 场景2-DEMO-在线报名并发 2-34
2026-04-28 16:36:26,102 INFO o.a.j.t.JMeterThread: Thread finished: 场景2-DEMO-在线报名并发 2-34
2026-04-28 16:36:26,288 INFO o.a.j.t.JMeterThread: Thread started: 场景2-DEMO-在线报名并发 2-35
2026-04-28 16:36:26,295 WARN o.a.j.p.h.s.HTTPSamplerBase: Existing CookieManager HTTP Cookie管理器 superseded by HTTP Cookie管理器
2026-04-28 16:36:26,298 INFO o.a.j.t.JMeterThread: Thread is done: 场景2-DEMO-在线报名并发 2-35
2026-04-28 16:36:26,298 INFO o.a.j.t.JMeterThread: Thread finished: 场景2-DEMO-在线报名并发 2-35
2026-04-28 16:36:26,492 INFO o.a.j.t.JMeterThread: Thread started: 场景2-DEMO-在线报名并发 2-36
2026-04-28 16:36:26,493 INFO o.a.j.t.JMeterThread: Thread started: 场景1-DEMO-活动列表基线 1-15
2026-04-28 16:36:26,501 WARN o.a.j.p.h.s.HTTPSamplerBase: Existing CookieManager HTTP Cookie管理器 superseded by HTTP Cookie管理器
2026-04-28 16:36:26,505 INFO o.a.j.t.JMeterThread: Thread is done: 场景2-DEMO-在线报名并发 2-36
2026-04-28 16:36:26,505 INFO o.a.j.t.JMeterThread: Thread finished: 场景2-DEMO-在线报名并发 2-36
2026-04-28 16:36:26,510 INFO o.a.j.t.JMeterThread: Thread is done: 场景1-DEMO-活动列表基线 1-15
2026-04-28 16:36:26,510 INFO o.a.j.t.JMeterThread: Thread finished: 场景1-DEMO-活动列表基线 1-15
2026-04-28 16:36:26,688 INFO o.a.j.t.JMeterThread: Thread started: 场景2-DEMO-在线报名并发 2-37
2026-04-28 16:36:26,700 WARN o.a.j.p.h.s.HTTPSamplerBase: Existing CookieManager HTTP Cookie管理器 superseded by HTTP Cookie管理器
2026-04-28 16:36:26,706 INFO o.a.j.t.JMeterThread: Thread is done: 场景2-DEMO-在线报名并发 2-37
2026-04-28 16:36:26,706 INFO o.a.j.t.JMeterThread: Thread finished: 场景2-DEMO-在线报名并发 2-37
2026-04-28 16:36:26,891 INFO o.a.j.t.JMeterThread: Thread started: 场景2-DEMO-在线报名并发 2-38
2026-04-28 16:36:26,901 WARN o.a.j.p.h.s.HTTPSamplerBase: Existing CookieManager HTTP Cookie管理器 superseded by HTTP Cookie管理器
2026-04-28 16:36:26,905 INFO o.a.j.t.JMeterThread: Thread is done: 场景2-DEMO-在线报名并发 2-38
2026-04-28 16:36:26,905 INFO o.a.j.t.JMeterThread: Thread finished: 场景2-DEMO-在线报名并发 2-38
2026-04-28 16:36:26,996 INFO o.a.j.t.JMeterThread: Thread started: 场景1-DEMO-活动列表基线 1-16
2026-04-28 16:36:27,032 INFO o.a.j.t.JMeterThread: Thread is done: 场景1-DEMO-活动列表基线 1-16
2026-04-28 16:36:27,032 INFO o.a.j.t.JMeterThread: Thread finished: 场景1-DEMO-活动列表基线 1-16
2026-04-28 16:36:27,087 INFO o.a.j.t.JMeterThread: Thread started: 场景2-DEMO-在线报名并发 2-39
2026-04-28 16:36:27,094 WARN o.a.j.p.h.s.HTTPSamplerBase: Existing CookieManager HTTP Cookie管理器 superseded by HTTP Cookie管理器
2026-04-28 16:36:27,099 INFO o.a.j.t.JMeterThread: Thread is done: 场景2-DEMO-在线报名并发 2-39
2026-04-28 16:36:27,099 INFO o.a.j.t.JMeterThread: Thread finished: 场景2-DEMO-在线报名并发 2-39
2026-04-28 16:36:27,290 INFO o.a.j.t.JMeterThread: Thread started: 场景2-DEMO-在线报名并发 2-40
2026-04-28 16:36:27,299 WARN o.a.j.p.h.s.HTTPSamplerBase: Existing CookieManager HTTP Cookie管理器 superseded by HTTP Cookie管理器
2026-04-28 16:36:27,306 INFO o.a.j.t.JMeterThread: Thread is done: 场景2-DEMO-在线报名并发 2-40
2026-04-28 16:36:27,306 INFO o.a.j.t.JMeterThread: Thread finished: 场景2-DEMO-在线报名并发 2-40
2026-04-28 16:36:27,487 INFO o.a.j.t.JMeterThread: Thread started: 场景2-DEMO-在线报名并发 2-41
2026-04-28 16:36:27,495 INFO o.a.j.t.JMeterThread: Thread started: 场景1-DEMO-活动列表基线 1-17
2026-04-28 16:36:27,508 WARN o.a.j.p.h.s.HTTPSamplerBase: Existing CookieManager HTTP Cookie管理器 superseded by HTTP Cookie管理器
2026-04-28 16:36:27,523 INFO o.a.j.t.JMeterThread: Thread is done: 场景2-DEMO-在线报名并发 2-41
2026-04-28 16:36:27,523 INFO o.a.j.t.JMeterThread: Thread finished: 场景2-DEMO-在线报名并发 2-41
2026-04-28 16:36:27,538 INFO o.a.j.t.JMeterThread: Thread is done: 场景1-DEMO-活动列表基线 1-17
2026-04-28 16:36:27,538 INFO o.a.j.t.JMeterThread: Thread finished: 场景1-DEMO-活动列表基线 1-17
2026-04-28 16:36:27,687 INFO o.a.j.t.JMeterThread: Thread started: 场景2-DEMO-在线报名并发 2-42
2026-04-28 16:36:27,702 WARN o.a.j.p.h.s.HTTPSamplerBase: Existing CookieManager HTTP Cookie管理器 superseded by HTTP Cookie管理器
2026-04-28 16:36:27,711 INFO o.a.j.t.JMeterThread: Thread is done: 场景2-DEMO-在线报名并发 2-42
2026-04-28 16:36:27,711 INFO o.a.j.t.JMeterThread: Thread finished: 场景2-DEMO-在线报名并发 2-42
2026-04-28 16:36:27,885 INFO o.a.j.t.JMeterThread: Thread started: 场景2-DEMO-在线报名并发 2-43
2026-04-28 16:36:27,893 WARN o.a.j.p.h.s.HTTPSamplerBase: Existing CookieManager HTTP Cookie管理器 superseded by HTTP Cookie管理器
2026-04-28 16:36:27,902 INFO o.a.j.t.JMeterThread: Thread is done: 场景2-DEMO-在线报名并发 2-43
2026-04-28 16:36:27,902 INFO o.a.j.t.JMeterThread: Thread finished: 场景2-DEMO-在线报名并发 2-43
2026-04-28 16:36:27,991 INFO o.a.j.t.JMeterThread: Thread started: 场景1-DEMO-活动列表基线 1-18
2026-04-28 16:36:28,029 INFO o.a.j.t.JMeterThread: Thread is done: 场景1-DEMO-活动列表基线 1-18
2026-04-28 16:36:28,029 INFO o.a.j.t.JMeterThread: Thread finished: 场景1-DEMO-活动列表基线 1-18
2026-04-28 16:36:28,088 INFO o.a.j.t.JMeterThread: Thread started: 场景2-DEMO-在线报名并发 2-44
2026-04-28 16:36:28,102 WARN o.a.j.p.h.s.HTTPSamplerBase: Existing CookieManager HTTP Cookie管理器 superseded by HTTP Cookie管理器
2026-04-28 16:36:28,107 INFO o.a.j.t.JMeterThread: Thread is done: 场景2-DEMO-在线报名并发 2-44
2026-04-28 16:36:28,108 INFO o.a.j.t.JMeterThread: Thread finished: 场景2-DEMO-在线报名并发 2-44
2026-04-28 16:36:28,286 INFO o.a.j.t.JMeterThread: Thread started: 场景2-DEMO-在线报名并发 2-45
2026-04-28 16:36:28,297 WARN o.a.j.p.h.s.HTTPSamplerBase: Existing CookieManager HTTP Cookie管理器 superseded by HTTP Cookie管理器
2026-04-28 16:36:28,305 INFO o.a.j.t.JMeterThread: Thread is done: 场景2-DEMO-在线报名并发 2-45
2026-04-28 16:36:28,305 INFO o.a.j.t.JMeterThread: Thread finished: 场景2-DEMO-在线报名并发 2-45
2026-04-28 16:36:28,487 INFO o.a.j.t.JMeterThread: Thread started: 场景1-DEMO-活动列表基线 1-19
2026-04-28 16:36:28,487 INFO o.a.j.t.JMeterThread: Thread started: 场景2-DEMO-在线报名并发 2-46
2026-04-28 16:36:28,497 WARN o.a.j.p.h.s.HTTPSamplerBase: Existing CookieManager HTTP Cookie管理器 superseded by HTTP Cookie管理器
2026-04-28 16:36:28,506 INFO o.a.j.t.JMeterThread: Thread is done: 场景2-DEMO-在线报名并发 2-46
2026-04-28 16:36:28,506 INFO o.a.j.t.JMeterThread: Thread finished: 场景2-DEMO-在线报名并发 2-46
2026-04-28 16:36:28,515 INFO o.a.j.t.JMeterThread: Thread is done: 场景1-DEMO-活动列表基线 1-19
2026-04-28 16:36:28,515 INFO o.a.j.t.JMeterThread: Thread finished: 场景1-DEMO-活动列表基线 1-19
2026-04-28 16:36:28,686 INFO o.a.j.t.JMeterThread: Thread started: 场景2-DEMO-在线报名并发 2-47
2026-04-28 16:36:28,697 WARN o.a.j.p.h.s.HTTPSamplerBase: Existing CookieManager HTTP Cookie管理器 superseded by HTTP Cookie管理器
2026-04-28 16:36:28,704 INFO o.a.j.t.JMeterThread: Thread is done: 场景2-DEMO-在线报名并发 2-47
2026-04-28 16:36:28,704 INFO o.a.j.t.JMeterThread: Thread finished: 场景2-DEMO-在线报名并发 2-47
2026-04-28 16:36:28,886 INFO o.a.j.t.JMeterThread: Thread started: 场景2-DEMO-在线报名并发 2-48
2026-04-28 16:36:28,895 WARN o.a.j.p.h.s.HTTPSamplerBase: Existing CookieManager HTTP Cookie管理器 superseded by HTTP Cookie管理器
2026-04-28 16:36:28,903 INFO o.a.j.t.JMeterThread: Thread is done: 场景2-DEMO-在线报名并发 2-48
2026-04-28 16:36:28,903 INFO o.a.j.t.JMeterThread: Thread finished: 场景2-DEMO-在线报名并发 2-48
2026-04-28 16:36:28,987 INFO o.a.j.t.JMeterThread: Thread started: 场景1-DEMO-活动列表基线 1-20
2026-04-28 16:36:29,018 INFO o.a.j.t.JMeterThread: Thread is done: 场景1-DEMO-活动列表基线 1-20
2026-04-28 16:36:29,018 INFO o.a.j.t.JMeterThread: Thread finished: 场景1-DEMO-活动列表基线 1-20
2026-04-28 16:36:29,084 INFO o.a.j.t.JMeterThread: Thread started: 场景2-DEMO-在线报名并发 2-49
2026-04-28 16:36:29,092 WARN o.a.j.p.h.s.HTTPSamplerBase: Existing CookieManager HTTP Cookie管理器 superseded by HTTP Cookie管理器
2026-04-28 16:36:29,098 INFO o.a.j.t.JMeterThread: Thread is done: 场景2-DEMO-在线报名并发 2-49
2026-04-28 16:36:29,098 INFO o.a.j.t.JMeterThread: Thread finished: 场景2-DEMO-在线报名并发 2-49
2026-04-28 16:36:29,282 INFO o.a.j.t.JMeterThread: Thread started: 场景2-DEMO-在线报名并发 2-50
2026-04-28 16:36:29,297 WARN o.a.j.p.h.s.HTTPSamplerBase: Existing CookieManager HTTP Cookie管理器 superseded by HTTP Cookie管理器
2026-04-28 16:36:29,307 INFO o.a.j.t.JMeterThread: Thread is done: 场景2-DEMO-在线报名并发 2-50
2026-04-28 16:36:29,307 INFO o.a.j.t.JMeterThread: Thread finished: 场景2-DEMO-在线报名并发 2-50
2026-04-28 16:36:29,482 INFO o.a.j.t.JMeterThread: Thread started: 场景2-DEMO-在线报名并发 2-51
2026-04-28 16:36:29,491 INFO o.a.j.t.JMeterThread: Thread started: 场景1-DEMO-活动列表基线 1-21
2026-04-28 16:36:29,493 WARN o.a.j.p.h.s.HTTPSamplerBase: Existing CookieManager HTTP Cookie管理器 superseded by HTTP Cookie管理器
2026-04-28 16:36:29,501 INFO o.a.j.t.JMeterThread: Thread is done: 场景2-DEMO-在线报名并发 2-51
2026-04-28 16:36:29,501 INFO o.a.j.t.JMeterThread: Thread finished: 场景2-DEMO-在线报名并发 2-51
2026-04-28 16:36:29,517 INFO o.a.j.t.JMeterThread: Thread is done: 场景1-DEMO-活动列表基线 1-21
2026-04-28 16:36:29,517 INFO o.a.j.t.JMeterThread: Thread finished: 场景1-DEMO-活动列表基线 1-21
2026-04-28 16:36:29,680 INFO o.a.j.t.JMeterThread: Thread started: 场景2-DEMO-在线报名并发 2-52
2026-04-28 16:36:29,693 WARN o.a.j.p.h.s.HTTPSamplerBase: Existing CookieManager HTTP Cookie管理器 superseded by HTTP Cookie管理器
2026-04-28 16:36:29,698 INFO o.a.j.t.JMeterThread: Thread is done: 场景2-DEMO-在线报名并发 2-52
2026-04-28 16:36:29,699 INFO o.a.j.t.JMeterThread: Thread finished: 场景2-DEMO-在线报名并发 2-52
2026-04-28 16:36:29,884 INFO o.a.j.t.JMeterThread: Thread started: 场景2-DEMO-在线报名并发 2-53
2026-04-28 16:36:29,898 WARN o.a.j.p.h.s.HTTPSamplerBase: Existing CookieManager HTTP Cookie管理器 superseded by HTTP Cookie管理器
2026-04-28 16:36:29,904 INFO o.a.j.t.JMeterThread: Thread is done: 场景2-DEMO-在线报名并发 2-53
2026-04-28 16:36:29,905 INFO o.a.j.t.JMeterThread: Thread finished: 场景2-DEMO-在线报名并发 2-53
2026-04-28 16:36:29,988 INFO o.a.j.t.JMeterThread: Thread started: 场景1-DEMO-活动列表基线 1-22
2026-04-28 16:36:30,002 INFO o.a.j.r.Summariser: summary +    637 in 00:00:11 =   60.2/s Avg:     1 Min:     0 Max:    18 Err:   106 (16.64%) Active: 1 Started: 75 Finished: 74
2026-04-28 16:36:30,031 INFO o.a.j.t.JMeterThread: Thread is done: 场景1-DEMO-活动列表基线 1-22
2026-04-28 16:36:30,031 INFO o.a.j.t.JMeterThread: Thread finished: 场景1-DEMO-活动列表基线 1-22
2026-04-28 16:36:30,080 INFO o.a.j.t.JMeterThread: Thread started: 场景2-DEMO-在线报名并发 2-54
2026-04-28 16:36:30,086 WARN o.a.j.p.h.s.HTTPSamplerBase: Existing CookieManager HTTP Cookie管理器 superseded by HTTP Cookie管理器
2026-04-28 16:36:30,091 INFO o.a.j.t.JMeterThread: Thread is done: 场景2-DEMO-在线报名并发 2-54
2026-04-28 16:36:30,091 INFO o.a.j.t.JMeterThread: Thread finished: 场景2-DEMO-在线报名并发 2-54
2026-04-28 16:36:30,283 INFO o.a.j.t.JMeterThread: Thread started: 场景2-DEMO-在线报名并发 2-55
2026-04-28 16:36:30,298 WARN o.a.j.p.h.s.HTTPSamplerBase: Existing CookieManager HTTP Cookie管理器 superseded by HTTP Cookie管理器
2026-04-28 16:36:30,308 INFO o.a.j.t.JMeterThread: Thread is done: 场景2-DEMO-在线报名并发 2-55
2026-04-28 16:36:30,308 INFO o.a.j.t.JMeterThread: Thread finished: 场景2-DEMO-在线报名并发 2-55
2026-04-28 16:36:30,488 INFO o.a.j.t.JMeterThread: Thread started: 场景2-DEMO-在线报名并发 2-56
2026-04-28 16:36:30,494 INFO o.a.j.t.JMeterThread: Thread started: 场景1-DEMO-活动列表基线 1-23
2026-04-28 16:36:30,501 WARN o.a.j.p.h.s.HTTPSamplerBase: Existing CookieManager HTTP Cookie管理器 superseded by HTTP Cookie管理器
2026-04-28 16:36:30,508 INFO o.a.j.t.JMeterThread: Thread is done: 场景2-DEMO-在线报名并发 2-56
2026-04-28 16:36:30,508 INFO o.a.j.t.JMeterThread: Thread finished: 场景2-DEMO-在线报名并发 2-56
2026-04-28 16:36:30,519 INFO o.a.j.t.JMeterThread: Thread is done: 场景1-DEMO-活动列表基线 1-23
2026-04-28 16:36:30,519 INFO o.a.j.t.JMeterThread: Thread finished: 场景1-DEMO-活动列表基线 1-23
2026-04-28 16:36:30,685 INFO o.a.j.t.JMeterThread: Thread started: 场景2-DEMO-在线报名并发 2-57
2026-04-28 16:36:30,702 WARN o.a.j.p.h.s.HTTPSamplerBase: Existing CookieManager HTTP Cookie管理器 superseded by HTTP Cookie管理器
2026-04-28 16:36:30,709 INFO o.a.j.t.JMeterThread: Thread is done: 场景2-DEMO-在线报名并发 2-57
2026-04-28 16:36:30,709 INFO o.a.j.t.JMeterThread: Thread finished: 场景2-DEMO-在线报名并发 2-57
2026-04-28 16:36:30,882 INFO o.a.j.t.JMeterThread: Thread started: 场景2-DEMO-在线报名并发 2-58
2026-04-28 16:36:30,895 WARN o.a.j.p.h.s.HTTPSamplerBase: Existing CookieManager HTTP Cookie管理器 superseded by HTTP Cookie管理器
2026-04-28 16:36:30,902 INFO o.a.j.t.JMeterThread: Thread is done: 场景2-DEMO-在线报名并发 2-58
2026-04-28 16:36:30,902 INFO o.a.j.t.JMeterThread: Thread finished: 场景2-DEMO-在线报名并发 2-58
2026-04-28 16:36:30,995 INFO o.a.j.t.JMeterThread: Thread started: 场景1-DEMO-活动列表基线 1-24
2026-04-28 16:36:31,034 INFO o.a.j.t.JMeterThread: Thread is done: 场景1-DEMO-活动列表基线 1-24
2026-04-28 16:36:31,034 INFO o.a.j.t.JMeterThread: Thread finished: 场景1-DEMO-活动列表基线 1-24
2026-04-28 16:36:31,082 INFO o.a.j.t.JMeterThread: Thread started: 场景2-DEMO-在线报名并发 2-59
2026-04-28 16:36:31,090 WARN o.a.j.p.h.s.HTTPSamplerBase: Existing CookieManager HTTP Cookie管理器 superseded by HTTP Cookie管理器
2026-04-28 16:36:31,100 INFO o.a.j.t.JMeterThread: Thread is done: 场景2-DEMO-在线报名并发 2-59
2026-04-28 16:36:31,100 INFO o.a.j.t.JMeterThread: Thread finished: 场景2-DEMO-在线报名并发 2-59
2026-04-28 16:36:31,278 INFO o.a.j.t.JMeterThread: Thread started: 场景2-DEMO-在线报名并发 2-60
2026-04-28 16:36:31,292 WARN o.a.j.p.h.s.HTTPSamplerBase: Existing CookieManager HTTP Cookie管理器 superseded by HTTP Cookie管理器
2026-04-28 16:36:31,302 INFO o.a.j.t.JMeterThread: Thread is done: 场景2-DEMO-在线报名并发 2-60
2026-04-28 16:36:31,302 INFO o.a.j.t.JMeterThread: Thread finished: 场景2-DEMO-在线报名并发 2-60
2026-04-28 16:36:31,481 INFO o.a.j.t.JMeterThread: Thread started: 场景2-DEMO-在线报名并发 2-61
2026-04-28 16:36:31,490 INFO o.a.j.t.JMeterThread: Thread started: 场景1-DEMO-活动列表基线 1-25
2026-04-28 16:36:31,496 WARN o.a.j.p.h.s.HTTPSamplerBase: Existing CookieManager HTTP Cookie管理器 superseded by HTTP Cookie管理器
2026-04-28 16:36:31,504 INFO o.a.j.t.JMeterThread: Thread is done: 场景2-DEMO-在线报名并发 2-61
2026-04-28 16:36:31,504 INFO o.a.j.t.JMeterThread: Thread finished: 场景2-DEMO-在线报名并发 2-61
2026-04-28 16:36:31,514 INFO o.a.j.t.JMeterThread: Thread is done: 场景1-DEMO-活动列表基线 1-25
2026-04-28 16:36:31,514 INFO o.a.j.t.JMeterThread: Thread finished: 场景1-DEMO-活动列表基线 1-25
2026-04-28 16:36:31,677 INFO o.a.j.t.JMeterThread: Thread started: 场景2-DEMO-在线报名并发 2-62
2026-04-28 16:36:31,691 WARN o.a.j.p.h.s.HTTPSamplerBase: Existing CookieManager HTTP Cookie管理器 superseded by HTTP Cookie管理器
2026-04-28 16:36:31,699 INFO o.a.j.t.JMeterThread: Thread is done: 场景2-DEMO-在线报名并发 2-62
2026-04-28 16:36:31,699 INFO o.a.j.t.JMeterThread: Thread finished: 场景2-DEMO-在线报名并发 2-62
2026-04-28 16:36:31,881 INFO o.a.j.t.JMeterThread: Thread started: 场景2-DEMO-在线报名并发 2-63
2026-04-28 16:36:31,895 WARN o.a.j.p.h.s.HTTPSamplerBase: Existing CookieManager HTTP Cookie管理器 superseded by HTTP Cookie管理器
2026-04-28 16:36:31,901 INFO o.a.j.t.JMeterThread: Thread is done: 场景2-DEMO-在线报名并发 2-63
2026-04-28 16:36:31,901 INFO o.a.j.t.JMeterThread: Thread finished: 场景2-DEMO-在线报名并发 2-63
2026-04-28 16:36:31,990 INFO o.a.j.t.JMeterThread: Thread started: 场景1-DEMO-活动列表基线 1-26
2026-04-28 16:36:32,013 INFO o.a.j.t.JMeterThread: Thread is done: 场景1-DEMO-活动列表基线 1-26
2026-04-28 16:36:32,013 INFO o.a.j.t.JMeterThread: Thread finished: 场景1-DEMO-活动列表基线 1-26
2026-04-28 16:36:32,084 INFO o.a.j.t.JMeterThread: Thread started: 场景2-DEMO-在线报名并发 2-64
2026-04-28 16:36:32,100 WARN o.a.j.p.h.s.HTTPSamplerBase: Existing CookieManager HTTP Cookie管理器 superseded by HTTP Cookie管理器
2026-04-28 16:36:32,106 INFO o.a.j.t.JMeterThread: Thread is done: 场景2-DEMO-在线报名并发 2-64
2026-04-28 16:36:32,106 INFO o.a.j.t.JMeterThread: Thread finished: 场景2-DEMO-在线报名并发 2-64
2026-04-28 16:36:32,276 INFO o.a.j.t.JMeterThread: Thread started: 场景2-DEMO-在线报名并发 2-65
2026-04-28 16:36:32,288 WARN o.a.j.p.h.s.HTTPSamplerBase: Existing CookieManager HTTP Cookie管理器 superseded by HTTP Cookie管理器
2026-04-28 16:36:32,294 INFO o.a.j.t.JMeterThread: Thread is done: 场景2-DEMO-在线报名并发 2-65
2026-04-28 16:36:32,295 INFO o.a.j.t.JMeterThread: Thread finished: 场景2-DEMO-在线报名并发 2-65
2026-04-28 16:36:32,480 INFO o.a.j.t.JMeterThread: Thread started: 场景2-DEMO-在线报名并发 2-66
2026-04-28 16:36:32,489 WARN o.a.j.p.h.s.HTTPSamplerBase: Existing CookieManager HTTP Cookie管理器 superseded by HTTP Cookie管理器
2026-04-28 16:36:32,493 INFO o.a.j.t.JMeterThread: Thread started: 场景1-DEMO-活动列表基线 1-27
2026-04-28 16:36:32,502 INFO o.a.j.t.JMeterThread: Thread is done: 场景2-DEMO-在线报名并发 2-66
2026-04-28 16:36:32,502 INFO o.a.j.t.JMeterThread: Thread finished: 场景2-DEMO-在线报名并发 2-66
2026-04-28 16:36:32,525 INFO o.a.j.t.JMeterThread: Thread is done: 场景1-DEMO-活动列表基线 1-27
2026-04-28 16:36:32,525 INFO o.a.j.t.JMeterThread: Thread finished: 场景1-DEMO-活动列表基线 1-27
2026-04-28 16:36:32,680 INFO o.a.j.t.JMeterThread: Thread started: 场景2-DEMO-在线报名并发 2-67
2026-04-28 16:36:32,690 WARN o.a.j.p.h.s.HTTPSamplerBase: Existing CookieManager HTTP Cookie管理器 superseded by HTTP Cookie管理器
2026-04-28 16:36:32,698 INFO o.a.j.t.JMeterThread: Thread is done: 场景2-DEMO-在线报名并发 2-67
2026-04-28 16:36:32,698 INFO o.a.j.t.JMeterThread: Thread finished: 场景2-DEMO-在线报名并发 2-67
2026-04-28 16:36:32,879 INFO o.a.j.t.JMeterThread: Thread started: 场景2-DEMO-在线报名并发 2-68
2026-04-28 16:36:32,892 WARN o.a.j.p.h.s.HTTPSamplerBase: Existing CookieManager HTTP Cookie管理器 superseded by HTTP Cookie管理器
2026-04-28 16:36:32,896 INFO o.a.j.t.JMeterThread: Thread is done: 场景2-DEMO-在线报名并发 2-68
2026-04-28 16:36:32,897 INFO o.a.j.t.JMeterThread: Thread finished: 场景2-DEMO-在线报名并发 2-68
2026-04-28 16:36:32,990 INFO o.a.j.t.JMeterThread: Thread started: 场景1-DEMO-活动列表基线 1-28
2026-04-28 16:36:33,024 INFO o.a.j.t.JMeterThread: Thread is done: 场景1-DEMO-活动列表基线 1-28
2026-04-28 16:36:33,024 INFO o.a.j.t.JMeterThread: Thread finished: 场景1-DEMO-活动列表基线 1-28
2026-04-28 16:36:33,074 INFO o.a.j.t.JMeterThread: Thread started: 场景2-DEMO-在线报名并发 2-69
2026-04-28 16:36:33,088 WARN o.a.j.p.h.s.HTTPSamplerBase: Existing CookieManager HTTP Cookie管理器 superseded by HTTP Cookie管理器
2026-04-28 16:36:33,096 INFO o.a.j.t.JMeterThread: Thread is done: 场景2-DEMO-在线报名并发 2-69
2026-04-28 16:36:33,096 INFO o.a.j.t.JMeterThread: Thread finished: 场景2-DEMO-在线报名并发 2-69
2026-04-28 16:36:33,277 INFO o.a.j.t.JMeterThread: Thread started: 场景2-DEMO-在线报名并发 2-70
2026-04-28 16:36:33,289 WARN o.a.j.p.h.s.HTTPSamplerBase: Existing CookieManager HTTP Cookie管理器 superseded by HTTP Cookie管理器
2026-04-28 16:36:33,295 INFO o.a.j.t.JMeterThread: Thread is done: 场景2-DEMO-在线报名并发 2-70
2026-04-28 16:36:33,295 INFO o.a.j.t.JMeterThread: Thread finished: 场景2-DEMO-在线报名并发 2-70
2026-04-28 16:36:33,478 INFO o.a.j.t.JMeterThread: Thread started: 场景2-DEMO-在线报名并发 2-71
2026-04-28 16:36:33,487 INFO o.a.j.t.JMeterThread: Thread started: 场景1-DEMO-活动列表基线 1-29
2026-04-28 16:36:33,491 WARN o.a.j.p.h.s.HTTPSamplerBase: Existing CookieManager HTTP Cookie管理器 superseded by HTTP Cookie管理器
2026-04-28 16:36:33,495 INFO o.a.j.t.JMeterThread: Thread is done: 场景2-DEMO-在线报名并发 2-71
2026-04-28 16:36:33,495 INFO o.a.j.t.JMeterThread: Thread finished: 场景2-DEMO-在线报名并发 2-71
2026-04-28 16:36:33,500 INFO o.a.j.t.JMeterThread: Thread is done: 场景1-DEMO-活动列表基线 1-29
2026-04-28 16:36:33,500 INFO o.a.j.t.JMeterThread: Thread finished: 场景1-DEMO-活动列表基线 1-29
2026-04-28 16:36:33,677 INFO o.a.j.t.JMeterThread: Thread started: 场景2-DEMO-在线报名并发 2-72
2026-04-28 16:36:33,685 WARN o.a.j.p.h.s.HTTPSamplerBase: Existing CookieManager HTTP Cookie管理器 superseded by HTTP Cookie管理器
2026-04-28 16:36:33,690 INFO o.a.j.t.JMeterThread: Thread is done: 场景2-DEMO-在线报名并发 2-72
2026-04-28 16:36:33,690 INFO o.a.j.t.JMeterThread: Thread finished: 场景2-DEMO-在线报名并发 2-72
2026-04-28 16:36:33,871 INFO o.a.j.t.JMeterThread: Thread started: 场景2-DEMO-在线报名并发 2-73
2026-04-28 16:36:33,899 WARN o.a.j.p.h.s.HTTPSamplerBase: Existing CookieManager HTTP Cookie管理器 superseded by HTTP Cookie管理器
2026-04-28 16:36:33,906 INFO o.a.j.t.JMeterThread: Thread is done: 场景2-DEMO-在线报名并发 2-73
2026-04-28 16:36:33,906 INFO o.a.j.t.JMeterThread: Thread finished: 场景2-DEMO-在线报名并发 2-73
2026-04-28 16:36:33,986 INFO o.a.j.t.JMeterThread: Thread started: 场景1-DEMO-活动列表基线 1-30
2026-04-28 16:36:34,016 INFO o.a.j.t.JMeterThread: Thread is done: 场景1-DEMO-活动列表基线 1-30
2026-04-28 16:36:34,016 INFO o.a.j.t.JMeterThread: Thread finished: 场景1-DEMO-活动列表基线 1-30
2026-04-28 16:36:34,076 INFO o.a.j.t.JMeterThread: Thread started: 场景2-DEMO-在线报名并发 2-74
2026-04-28 16:36:34,086 WARN o.a.j.p.h.s.HTTPSamplerBase: Existing CookieManager HTTP Cookie管理器 superseded by HTTP Cookie管理器
2026-04-28 16:36:34,097 INFO o.a.j.t.JMeterThread: Thread is done: 场景2-DEMO-在线报名并发 2-74
2026-04-28 16:36:34,097 INFO o.a.j.t.JMeterThread: Thread finished: 场景2-DEMO-在线报名并发 2-74
2026-04-28 16:36:34,271 INFO o.a.j.t.JMeterThread: Thread started: 场景2-DEMO-在线报名并发 2-75
2026-04-28 16:36:34,284 WARN o.a.j.p.h.s.HTTPSamplerBase: Existing CookieManager HTTP Cookie管理器 superseded by HTTP Cookie管理器
2026-04-28 16:36:34,292 INFO o.a.j.t.JMeterThread: Thread is done: 场景2-DEMO-在线报名并发 2-75
2026-04-28 16:36:34,292 INFO o.a.j.t.JMeterThread: Thread finished: 场景2-DEMO-在线报名并发 2-75
2026-04-28 16:36:34,469 INFO o.a.j.t.JMeterThread: Thread started: 场景2-DEMO-在线报名并发 2-76
2026-04-28 16:36:34,482 WARN o.a.j.p.h.s.HTTPSamplerBase: Existing CookieManager HTTP Cookie管理器 superseded by HTTP Cookie管理器
2026-04-28 16:36:34,490 INFO o.a.j.t.JMeterThread: Thread is done: 场景2-DEMO-在线报名并发 2-76
2026-04-28 16:36:34,490 INFO o.a.j.t.JMeterThread: Thread finished: 场景2-DEMO-在线报名并发 2-76
2026-04-28 16:36:34,673 INFO o.a.j.t.JMeterThread: Thread started: 场景2-DEMO-在线报名并发 2-77
2026-04-28 16:36:34,684 WARN o.a.j.p.h.s.HTTPSamplerBase: Existing CookieManager HTTP Cookie管理器 superseded by HTTP Cookie管理器
2026-04-28 16:36:34,693 INFO o.a.j.t.JMeterThread: Thread is done: 场景2-DEMO-在线报名并发 2-77
2026-04-28 16:36:34,693 INFO o.a.j.t.JMeterThread: Thread finished: 场景2-DEMO-在线报名并发 2-77
2026-04-28 16:36:34,873 INFO o.a.j.t.JMeterThread: Thread started: 场景2-DEMO-在线报名并发 2-78
2026-04-28 16:36:34,886 WARN o.a.j.p.h.s.HTTPSamplerBase: Existing CookieManager HTTP Cookie管理器 superseded by HTTP Cookie管理器
2026-04-28 16:36:34,897 INFO o.a.j.t.JMeterThread: Thread is done: 场景2-DEMO-在线报名并发 2-78
2026-04-28 16:36:34,897 INFO o.a.j.t.JMeterThread: Thread finished: 场景2-DEMO-在线报名并发 2-78
2026-04-28 16:36:35,068 INFO o.a.j.t.JMeterThread: Thread started: 场景2-DEMO-在线报名并发 2-79
2026-04-28 16:36:35,082 WARN o.a.j.p.h.s.HTTPSamplerBase: Existing CookieManager HTTP Cookie管理器 superseded by HTTP Cookie管理器
2026-04-28 16:36:35,090 INFO o.a.j.t.JMeterThread: Thread is done: 场景2-DEMO-在线报名并发 2-79
2026-04-28 16:36:35,091 INFO o.a.j.t.JMeterThread: Thread finished: 场景2-DEMO-在线报名并发 2-79
2026-04-28 16:36:35,268 INFO o.a.j.t.JMeterThread: Thread started: 场景2-DEMO-在线报名并发 2-80
2026-04-28 16:36:35,281 WARN o.a.j.p.h.s.HTTPSamplerBase: Existing CookieManager HTTP Cookie管理器 superseded by HTTP Cookie管理器
2026-04-28 16:36:35,291 INFO o.a.j.t.JMeterThread: Thread is done: 场景2-DEMO-在线报名并发 2-80
2026-04-28 16:36:35,291 INFO o.a.j.t.JMeterThread: Thread finished: 场景2-DEMO-在线报名并发 2-80
2026-04-28 16:36:35,463 INFO o.a.j.t.JMeterThread: Thread started: 场景2-DEMO-在线报名并发 2-81
2026-04-28 16:36:35,478 WARN o.a.j.p.h.s.HTTPSamplerBase: Existing CookieManager HTTP Cookie管理器 superseded by HTTP Cookie管理器
2026-04-28 16:36:35,487 INFO o.a.j.t.JMeterThread: Thread is done: 场景2-DEMO-在线报名并发 2-81
2026-04-28 16:36:35,488 INFO o.a.j.t.JMeterThread: Thread finished: 场景2-DEMO-在线报名并发 2-81
2026-04-28 16:36:35,667 INFO o.a.j.t.JMeterThread: Thread started: 场景2-DEMO-在线报名并发 2-82
2026-04-28 16:36:35,681 WARN o.a.j.p.h.s.HTTPSamplerBase: Existing CookieManager HTTP Cookie管理器 superseded by HTTP Cookie管理器
2026-04-28 16:36:35,690 INFO o.a.j.t.JMeterThread: Thread is done: 场景2-DEMO-在线报名并发 2-82
2026-04-28 16:36:35,690 INFO o.a.j.t.JMeterThread: Thread finished: 场景2-DEMO-在线报名并发 2-82
2026-04-28 16:36:35,864 INFO o.a.j.t.JMeterThread: Thread started: 场景2-DEMO-在线报名并发 2-83
2026-04-28 16:36:35,880 WARN o.a.j.p.h.s.HTTPSamplerBase: Existing CookieManager HTTP Cookie管理器 superseded by HTTP Cookie管理器
2026-04-28 16:36:35,889 INFO o.a.j.t.JMeterThread: Thread is done: 场景2-DEMO-在线报名并发 2-83
2026-04-28 16:36:35,889 INFO o.a.j.t.JMeterThread: Thread finished: 场景2-DEMO-在线报名并发 2-83
2026-04-28 16:36:36,066 INFO o.a.j.t.JMeterThread: Thread started: 场景2-DEMO-在线报名并发 2-84
2026-04-28 16:36:36,081 WARN o.a.j.p.h.s.HTTPSamplerBase: Existing CookieManager HTTP Cookie管理器 superseded by HTTP Cookie管理器
2026-04-28 16:36:36,088 INFO o.a.j.t.JMeterThread: Thread is done: 场景2-DEMO-在线报名并发 2-84
2026-04-28 16:36:36,088 INFO o.a.j.t.JMeterThread: Thread finished: 场景2-DEMO-在线报名并发 2-84
2026-04-28 16:36:36,266 INFO o.a.j.t.JMeterThread: Thread started: 场景2-DEMO-在线报名并发 2-85
2026-04-28 16:36:36,273 WARN o.a.j.p.h.s.HTTPSamplerBase: Existing CookieManager HTTP Cookie管理器 superseded by HTTP Cookie管理器
2026-04-28 16:36:36,278 INFO o.a.j.t.JMeterThread: Thread is done: 场景2-DEMO-在线报名并发 2-85
2026-04-28 16:36:36,278 INFO o.a.j.t.JMeterThread: Thread finished: 场景2-DEMO-在线报名并发 2-85
2026-04-28 16:36:36,466 INFO o.a.j.t.JMeterThread: Thread started: 场景2-DEMO-在线报名并发 2-86
2026-04-28 16:36:36,475 WARN o.a.j.p.h.s.HTTPSamplerBase: Existing CookieManager HTTP Cookie管理器 superseded by HTTP Cookie管理器
2026-04-28 16:36:36,481 INFO o.a.j.t.JMeterThread: Thread is done: 场景2-DEMO-在线报名并发 2-86
2026-04-28 16:36:36,481 INFO o.a.j.t.JMeterThread: Thread finished: 场景2-DEMO-在线报名并发 2-86
2026-04-28 16:36:36,666 INFO o.a.j.t.JMeterThread: Thread started: 场景2-DEMO-在线报名并发 2-87
2026-04-28 16:36:36,678 WARN o.a.j.p.h.s.HTTPSamplerBase: Existing CookieManager HTTP Cookie管理器 superseded by HTTP Cookie管理器
2026-04-28 16:36:36,687 INFO o.a.j.t.JMeterThread: Thread is done: 场景2-DEMO-在线报名并发 2-87
2026-04-28 16:36:36,687 INFO o.a.j.t.JMeterThread: Thread finished: 场景2-DEMO-在线报名并发 2-87
2026-04-28 16:36:36,864 INFO o.a.j.t.JMeterThread: Thread started: 场景2-DEMO-在线报名并发 2-88
2026-04-28 16:36:36,877 WARN o.a.j.p.h.s.HTTPSamplerBase: Existing CookieManager HTTP Cookie管理器 superseded by HTTP Cookie管理器
2026-04-28 16:36:36,887 INFO o.a.j.t.JMeterThread: Thread is done: 场景2-DEMO-在线报名并发 2-88
2026-04-28 16:36:36,887 INFO o.a.j.t.JMeterThread: Thread finished: 场景2-DEMO-在线报名并发 2-88
2026-04-28 16:36:37,065 INFO o.a.j.t.JMeterThread: Thread started: 场景2-DEMO-在线报名并发 2-89
2026-04-28 16:36:37,078 WARN o.a.j.p.h.s.HTTPSamplerBase: Existing CookieManager HTTP Cookie管理器 superseded by HTTP Cookie管理器
2026-04-28 16:36:37,089 INFO o.a.j.t.JMeterThread: Thread is done: 场景2-DEMO-在线报名并发 2-89
2026-04-28 16:36:37,089 INFO o.a.j.t.JMeterThread: Thread finished: 场景2-DEMO-在线报名并发 2-89
2026-04-28 16:36:37,262 INFO o.a.j.t.JMeterThread: Thread started: 场景2-DEMO-在线报名并发 2-90
2026-04-28 16:36:37,273 WARN o.a.j.p.h.s.HTTPSamplerBase: Existing CookieManager HTTP Cookie管理器 superseded by HTTP Cookie管理器
2026-04-28 16:36:37,283 INFO o.a.j.t.JMeterThread: Thread is done: 场景2-DEMO-在线报名并发 2-90
2026-04-28 16:36:37,283 INFO o.a.j.t.JMeterThread: Thread finished: 场景2-DEMO-在线报名并发 2-90
2026-04-28 16:36:37,465 INFO o.a.j.t.JMeterThread: Thread started: 场景2-DEMO-在线报名并发 2-91
2026-04-28 16:36:37,479 WARN o.a.j.p.h.s.HTTPSamplerBase: Existing CookieManager HTTP Cookie管理器 superseded by HTTP Cookie管理器
2026-04-28 16:36:37,490 INFO o.a.j.t.JMeterThread: Thread is done: 场景2-DEMO-在线报名并发 2-91
2026-04-28 16:36:37,490 INFO o.a.j.t.JMeterThread: Thread finished: 场景2-DEMO-在线报名并发 2-91
2026-04-28 16:36:37,663 INFO o.a.j.t.JMeterThread: Thread started: 场景2-DEMO-在线报名并发 2-92
2026-04-28 16:36:37,677 WARN o.a.j.p.h.s.HTTPSamplerBase: Existing CookieManager HTTP Cookie管理器 superseded by HTTP Cookie管理器
2026-04-28 16:36:37,687 INFO o.a.j.t.JMeterThread: Thread is done: 场景2-DEMO-在线报名并发 2-92
2026-04-28 16:36:37,687 INFO o.a.j.t.JMeterThread: Thread finished: 场景2-DEMO-在线报名并发 2-92
2026-04-28 16:36:37,863 INFO o.a.j.t.JMeterThread: Thread started: 场景2-DEMO-在线报名并发 2-93
2026-04-28 16:36:37,876 WARN o.a.j.p.h.s.HTTPSamplerBase: Existing CookieManager HTTP Cookie管理器 superseded by HTTP Cookie管理器
2026-04-28 16:36:37,884 INFO o.a.j.t.JMeterThread: Thread is done: 场景2-DEMO-在线报名并发 2-93
2026-04-28 16:36:37,884 INFO o.a.j.t.JMeterThread: Thread finished: 场景2-DEMO-在线报名并发 2-93
2026-04-28 16:36:38,064 INFO o.a.j.t.JMeterThread: Thread started: 场景2-DEMO-在线报名并发 2-94
2026-04-28 16:36:38,077 WARN o.a.j.p.h.s.HTTPSamplerBase: Existing CookieManager HTTP Cookie管理器 superseded by HTTP Cookie管理器
2026-04-28 16:36:38,086 INFO o.a.j.t.JMeterThread: Thread is done: 场景2-DEMO-在线报名并发 2-94
2026-04-28 16:36:38,087 INFO o.a.j.t.JMeterThread: Thread finished: 场景2-DEMO-在线报名并发 2-94
2026-04-28 16:36:38,264 INFO o.a.j.t.JMeterThread: Thread started: 场景2-DEMO-在线报名并发 2-95
2026-04-28 16:36:38,276 WARN o.a.j.p.h.s.HTTPSamplerBase: Existing CookieManager HTTP Cookie管理器 superseded by HTTP Cookie管理器
2026-04-28 16:36:38,283 INFO o.a.j.t.JMeterThread: Thread is done: 场景2-DEMO-在线报名并发 2-95
2026-04-28 16:36:38,283 INFO o.a.j.t.JMeterThread: Thread finished: 场景2-DEMO-在线报名并发 2-95
2026-04-28 16:36:38,464 INFO o.a.j.t.JMeterThread: Thread started: 场景2-DEMO-在线报名并发 2-96
2026-04-28 16:36:38,476 WARN o.a.j.p.h.s.HTTPSamplerBase: Existing CookieManager HTTP Cookie管理器 superseded by HTTP Cookie管理器
2026-04-28 16:36:38,486 INFO o.a.j.t.JMeterThread: Thread is done: 场景2-DEMO-在线报名并发 2-96
2026-04-28 16:36:38,486 INFO o.a.j.t.JMeterThread: Thread finished: 场景2-DEMO-在线报名并发 2-96
2026-04-28 16:36:38,664 INFO o.a.j.t.JMeterThread: Thread started: 场景2-DEMO-在线报名并发 2-97
2026-04-28 16:36:38,673 WARN o.a.j.p.h.s.HTTPSamplerBase: Existing CookieManager HTTP Cookie管理器 superseded by HTTP Cookie管理器
2026-04-28 16:36:38,679 INFO o.a.j.t.JMeterThread: Thread is done: 场景2-DEMO-在线报名并发 2-97
2026-04-28 16:36:38,680 INFO o.a.j.t.JMeterThread: Thread finished: 场景2-DEMO-在线报名并发 2-97
2026-04-28 16:36:38,866 INFO o.a.j.t.JMeterThread: Thread started: 场景2-DEMO-在线报名并发 2-98
2026-04-28 16:36:38,893 WARN o.a.j.p.h.s.HTTPSamplerBase: Existing CookieManager HTTP Cookie管理器 superseded by HTTP Cookie管理器
2026-04-28 16:36:38,902 INFO o.a.j.t.JMeterThread: Thread is done: 场景2-DEMO-在线报名并发 2-98
2026-04-28 16:36:38,902 INFO o.a.j.t.JMeterThread: Thread finished: 场景2-DEMO-在线报名并发 2-98
2026-04-28 16:36:39,065 INFO o.a.j.t.JMeterThread: Thread started: 场景2-DEMO-在线报名并发 2-99
2026-04-28 16:36:39,077 WARN o.a.j.p.h.s.HTTPSamplerBase: Existing CookieManager HTTP Cookie管理器 superseded by HTTP Cookie管理器
2026-04-28 16:36:39,087 INFO o.a.j.t.JMeterThread: Thread is done: 场景2-DEMO-在线报名并发 2-99
2026-04-28 16:36:39,087 INFO o.a.j.t.JMeterThread: Thread finished: 场景2-DEMO-在线报名并发 2-99
2026-04-28 16:36:39,263 INFO o.a.j.t.JMeterThread: Thread started: 场景2-DEMO-在线报名并发 2-100
2026-04-28 16:36:39,278 WARN o.a.j.p.h.s.HTTPSamplerBase: Existing CookieManager HTTP Cookie管理器 superseded by HTTP Cookie管理器
2026-04-28 16:36:39,285 INFO o.a.j.t.JMeterThread: Thread is done: 场景2-DEMO-在线报名并发 2-100
2026-04-28 16:36:39,285 INFO o.a.j.t.JMeterThread: Thread finished: 场景2-DEMO-在线报名并发 2-100
2026-04-28 16:36:39,461 INFO o.a.j.t.JMeterThread: Thread started: 场景2-DEMO-在线报名并发 2-101
2026-04-28 16:36:39,472 WARN o.a.j.p.h.s.HTTPSamplerBase: Existing CookieManager HTTP Cookie管理器 superseded by HTTP Cookie管理器
2026-04-28 16:36:39,480 INFO o.a.j.t.JMeterThread: Thread is done: 场景2-DEMO-在线报名并发 2-101
2026-04-28 16:36:39,480 INFO o.a.j.t.JMeterThread: Thread finished: 场景2-DEMO-在线报名并发 2-101
2026-04-28 16:36:39,661 INFO o.a.j.t.JMeterThread: Thread started: 场景2-DEMO-在线报名并发 2-102
2026-04-28 16:36:39,672 WARN o.a.j.p.h.s.HTTPSamplerBase: Existing CookieManager HTTP Cookie管理器 superseded by HTTP Cookie管理器
2026-04-28 16:36:39,680 INFO o.a.j.t.JMeterThread: Thread is done: 场景2-DEMO-在线报名并发 2-102
2026-04-28 16:36:39,680 INFO o.a.j.t.JMeterThread: Thread finished: 场景2-DEMO-在线报名并发 2-102
2026-04-28 16:36:39,862 INFO o.a.j.t.JMeterThread: Thread started: 场景2-DEMO-在线报名并发 2-103
2026-04-28 16:36:39,871 WARN o.a.j.p.h.s.HTTPSamplerBase: Existing CookieManager HTTP Cookie管理器 superseded by HTTP Cookie管理器
2026-04-28 16:36:39,878 INFO o.a.j.t.JMeterThread: Thread is done: 场景2-DEMO-在线报名并发 2-103
2026-04-28 16:36:39,878 INFO o.a.j.t.JMeterThread: Thread finished: 场景2-DEMO-在线报名并发 2-103
2026-04-28 16:36:40,061 INFO o.a.j.t.JMeterThread: Thread started: 场景2-DEMO-在线报名并发 2-104
2026-04-28 16:36:40,074 WARN o.a.j.p.h.s.HTTPSamplerBase: Existing CookieManager HTTP Cookie管理器 superseded by HTTP Cookie管理器
2026-04-28 16:36:40,082 INFO o.a.j.t.JMeterThread: Thread is done: 场景2-DEMO-在线报名并发 2-104
2026-04-28 16:36:40,082 INFO o.a.j.t.JMeterThread: Thread finished: 场景2-DEMO-在线报名并发 2-104
2026-04-28 16:36:40,264 INFO o.a.j.t.JMeterThread: Thread started: 场景2-DEMO-在线报名并发 2-105
2026-04-28 16:36:40,275 WARN o.a.j.p.h.s.HTTPSamplerBase: Existing CookieManager HTTP Cookie管理器 superseded by HTTP Cookie管理器
2026-04-28 16:36:40,283 INFO o.a.j.t.JMeterThread: Thread is done: 场景2-DEMO-在线报名并发 2-105
2026-04-28 16:36:40,284 INFO o.a.j.t.JMeterThread: Thread finished: 场景2-DEMO-在线报名并发 2-105
2026-04-28 16:36:40,458 INFO o.a.j.t.JMeterThread: Thread started: 场景2-DEMO-在线报名并发 2-106
2026-04-28 16:36:40,468 WARN o.a.j.p.h.s.HTTPSamplerBase: Existing CookieManager HTTP Cookie管理器 superseded by HTTP Cookie管理器
2026-04-28 16:36:40,475 INFO o.a.j.t.JMeterThread: Thread is done: 场景2-DEMO-在线报名并发 2-106
2026-04-28 16:36:40,475 INFO o.a.j.t.JMeterThread: Thread finished: 场景2-DEMO-在线报名并发 2-106
2026-04-28 16:36:40,657 INFO o.a.j.t.JMeterThread: Thread started: 场景2-DEMO-在线报名并发 2-107
2026-04-28 16:36:40,665 WARN o.a.j.p.h.s.HTTPSamplerBase: Existing CookieManager HTTP Cookie管理器 superseded by HTTP Cookie管理器
2026-04-28 16:36:40,674 INFO o.a.j.t.JMeterThread: Thread is done: 场景2-DEMO-在线报名并发 2-107
2026-04-28 16:36:40,675 INFO o.a.j.t.JMeterThread: Thread finished: 场景2-DEMO-在线报名并发 2-107
2026-04-28 16:36:40,856 INFO o.a.j.t.JMeterThread: Thread started: 场景2-DEMO-在线报名并发 2-108
2026-04-28 16:36:40,865 WARN o.a.j.p.h.s.HTTPSamplerBase: Existing CookieManager HTTP Cookie管理器 superseded by HTTP Cookie管理器
2026-04-28 16:36:40,871 INFO o.a.j.t.JMeterThread: Thread is done: 场景2-DEMO-在线报名并发 2-108
2026-04-28 16:36:40,871 INFO o.a.j.t.JMeterThread: Thread finished: 场景2-DEMO-在线报名并发 2-108
2026-04-28 16:36:41,051 INFO o.a.j.t.JMeterThread: Thread started: 场景2-DEMO-在线报名并发 2-109
2026-04-28 16:36:41,063 WARN o.a.j.p.h.s.HTTPSamplerBase: Existing CookieManager HTTP Cookie管理器 superseded by HTTP Cookie管理器
2026-04-28 16:36:41,071 INFO o.a.j.t.JMeterThread: Thread is done: 场景2-DEMO-在线报名并发 2-109
2026-04-28 16:36:41,071 INFO o.a.j.t.JMeterThread: Thread finished: 场景2-DEMO-在线报名并发 2-109
2026-04-28 16:36:41,256 INFO o.a.j.t.JMeterThread: Thread started: 场景2-DEMO-在线报名并发 2-110
2026-04-28 16:36:41,267 WARN o.a.j.p.h.s.HTTPSamplerBase: Existing CookieManager HTTP Cookie管理器 superseded by HTTP Cookie管理器
2026-04-28 16:36:41,276 INFO o.a.j.t.JMeterThread: Thread is done: 场景2-DEMO-在线报名并发 2-110
2026-04-28 16:36:41,277 INFO o.a.j.t.JMeterThread: Thread finished: 场景2-DEMO-在线报名并发 2-110
2026-04-28 16:36:41,455 INFO o.a.j.t.JMeterThread: Thread started: 场景2-DEMO-在线报名并发 2-111
2026-04-28 16:36:41,469 WARN o.a.j.p.h.s.HTTPSamplerBase: Existing CookieManager HTTP Cookie管理器 superseded by HTTP Cookie管理器
2026-04-28 16:36:41,477 INFO o.a.j.t.JMeterThread: Thread is done: 场景2-DEMO-在线报名并发 2-111
2026-04-28 16:36:41,478 INFO o.a.j.t.JMeterThread: Thread finished: 场景2-DEMO-在线报名并发 2-111
2026-04-28 16:36:41,655 INFO o.a.j.t.JMeterThread: Thread started: 场景2-DEMO-在线报名并发 2-112
2026-04-28 16:36:41,664 WARN o.a.j.p.h.s.HTTPSamplerBase: Existing CookieManager HTTP Cookie管理器 superseded by HTTP Cookie管理器
2026-04-28 16:36:41,670 INFO o.a.j.t.JMeterThread: Thread is done: 场景2-DEMO-在线报名并发 2-112
2026-04-28 16:36:41,670 INFO o.a.j.t.JMeterThread: Thread finished: 场景2-DEMO-在线报名并发 2-112
2026-04-28 16:36:41,853 INFO o.a.j.t.JMeterThread: Thread started: 场景2-DEMO-在线报名并发 2-113
2026-04-28 16:36:41,887 WARN o.a.j.p.h.s.HTTPSamplerBase: Existing CookieManager HTTP Cookie管理器 superseded by HTTP Cookie管理器
2026-04-28 16:36:41,891 INFO o.a.j.t.JMeterThread: Thread is done: 场景2-DEMO-在线报名并发 2-113
2026-04-28 16:36:41,892 INFO o.a.j.t.JMeterThread: Thread finished: 场景2-DEMO-在线报名并发 2-113
2026-04-28 16:36:42,055 INFO o.a.j.t.JMeterThread: Thread started: 场景2-DEMO-在线报名并发 2-114
2026-04-28 16:36:42,062 WARN o.a.j.p.h.s.HTTPSamplerBase: Existing CookieManager HTTP Cookie管理器 superseded by HTTP Cookie管理器
2026-04-28 16:36:42,066 INFO o.a.j.t.JMeterThread: Thread is done: 场景2-DEMO-在线报名并发 2-114
2026-04-28 16:36:42,067 INFO o.a.j.t.JMeterThread: Thread finished: 场景2-DEMO-在线报名并发 2-114
2026-04-28 16:36:42,255 INFO o.a.j.t.JMeterThread: Thread started: 场景2-DEMO-在线报名并发 2-115
2026-04-28 16:36:42,264 WARN o.a.j.p.h.s.HTTPSamplerBase: Existing CookieManager HTTP Cookie管理器 superseded by HTTP Cookie管理器
2026-04-28 16:36:42,269 INFO o.a.j.t.JMeterThread: Thread is done: 场景2-DEMO-在线报名并发 2-115
2026-04-28 16:36:42,269 INFO o.a.j.t.JMeterThread: Thread finished: 场景2-DEMO-在线报名并发 2-115
2026-04-28 16:36:42,454 INFO o.a.j.t.JMeterThread: Thread started: 场景2-DEMO-在线报名并发 2-116
2026-04-28 16:36:42,462 WARN o.a.j.p.h.s.HTTPSamplerBase: Existing CookieManager HTTP Cookie管理器 superseded by HTTP Cookie管理器
2026-04-28 16:36:42,469 INFO o.a.j.t.JMeterThread: Thread is done: 场景2-DEMO-在线报名并发 2-116
2026-04-28 16:36:42,469 INFO o.a.j.t.JMeterThread: Thread finished: 场景2-DEMO-在线报名并发 2-116
2026-04-28 16:36:42,654 INFO o.a.j.t.JMeterThread: Thread started: 场景2-DEMO-在线报名并发 2-117
2026-04-28 16:36:42,662 WARN o.a.j.p.h.s.HTTPSamplerBase: Existing CookieManager HTTP Cookie管理器 superseded by HTTP Cookie管理器
2026-04-28 16:36:42,669 INFO o.a.j.t.JMeterThread: Thread is done: 场景2-DEMO-在线报名并发 2-117
2026-04-28 16:36:42,669 INFO o.a.j.t.JMeterThread: Thread finished: 场景2-DEMO-在线报名并发 2-117
2026-04-28 16:36:42,855 INFO o.a.j.t.JMeterThread: Thread started: 场景2-DEMO-在线报名并发 2-118
2026-04-28 16:36:42,865 WARN o.a.j.p.h.s.HTTPSamplerBase: Existing CookieManager HTTP Cookie管理器 superseded by HTTP Cookie管理器
2026-04-28 16:36:42,869 INFO o.a.j.t.JMeterThread: Thread is done: 场景2-DEMO-在线报名并发 2-118
2026-04-28 16:36:42,869 INFO o.a.j.t.JMeterThread: Thread finished: 场景2-DEMO-在线报名并发 2-118
2026-04-28 16:36:43,056 INFO o.a.j.t.JMeterThread: Thread started: 场景2-DEMO-在线报名并发 2-119
2026-04-28 16:36:43,065 WARN o.a.j.p.h.s.HTTPSamplerBase: Existing CookieManager HTTP Cookie管理器 superseded by HTTP Cookie管理器
2026-04-28 16:36:43,070 INFO o.a.j.t.JMeterThread: Thread is done: 场景2-DEMO-在线报名并发 2-119
2026-04-28 16:36:43,070 INFO o.a.j.t.JMeterThread: Thread finished: 场景2-DEMO-在线报名并发 2-119
2026-04-28 16:36:43,254 INFO o.a.j.t.JMeterThread: Thread started: 场景2-DEMO-在线报名并发 2-120
2026-04-28 16:36:43,263 WARN o.a.j.p.h.s.HTTPSamplerBase: Existing CookieManager HTTP Cookie管理器 superseded by HTTP Cookie管理器
2026-04-28 16:36:43,269 INFO o.a.j.t.JMeterThread: Thread is done: 场景2-DEMO-在线报名并发 2-120
2026-04-28 16:36:43,269 INFO o.a.j.t.JMeterThread: Thread finished: 场景2-DEMO-在线报名并发 2-120
2026-04-28 16:36:43,453 INFO o.a.j.t.JMeterThread: Thread started: 场景2-DEMO-在线报名并发 2-121
2026-04-28 16:36:43,462 WARN o.a.j.p.h.s.HTTPSamplerBase: Existing CookieManager HTTP Cookie管理器 superseded by HTTP Cookie管理器
2026-04-28 16:36:43,466 INFO o.a.j.t.JMeterThread: Thread is done: 场景2-DEMO-在线报名并发 2-121
2026-04-28 16:36:43,466 INFO o.a.j.t.JMeterThread: Thread finished: 场景2-DEMO-在线报名并发 2-121
2026-04-28 16:36:43,654 INFO o.a.j.t.JMeterThread: Thread started: 场景2-DEMO-在线报名并发 2-122
2026-04-28 16:36:43,663 WARN o.a.j.p.h.s.HTTPSamplerBase: Existing CookieManager HTTP Cookie管理器 superseded by HTTP Cookie管理器
2026-04-28 16:36:43,668 INFO o.a.j.t.JMeterThread: Thread is done: 场景2-DEMO-在线报名并发 2-122
2026-04-28 16:36:43,668 INFO o.a.j.t.JMeterThread: Thread finished: 场景2-DEMO-在线报名并发 2-122
2026-04-28 16:36:43,853 INFO o.a.j.t.JMeterThread: Thread started: 场景2-DEMO-在线报名并发 2-123
2026-04-28 16:36:43,863 WARN o.a.j.p.h.s.HTTPSamplerBase: Existing CookieManager HTTP Cookie管理器 superseded by HTTP Cookie管理器
2026-04-28 16:36:43,868 INFO o.a.j.t.JMeterThread: Thread is done: 场景2-DEMO-在线报名并发 2-123
2026-04-28 16:36:43,868 INFO o.a.j.t.JMeterThread: Thread finished: 场景2-DEMO-在线报名并发 2-123
2026-04-28 16:36:44,059 INFO o.a.j.t.JMeterThread: Thread started: 场景2-DEMO-在线报名并发 2-124
2026-04-28 16:36:44,068 WARN o.a.j.p.h.s.HTTPSamplerBase: Existing CookieManager HTTP Cookie管理器 superseded by HTTP Cookie管理器
2026-04-28 16:36:44,074 INFO o.a.j.t.JMeterThread: Thread is done: 场景2-DEMO-在线报名并发 2-124
2026-04-28 16:36:44,074 INFO o.a.j.t.JMeterThread: Thread finished: 场景2-DEMO-在线报名并发 2-124
2026-04-28 16:36:44,253 INFO o.a.j.t.JMeterThread: Thread started: 场景2-DEMO-在线报名并发 2-125
2026-04-28 16:36:44,261 WARN o.a.j.p.h.s.HTTPSamplerBase: Existing CookieManager HTTP Cookie管理器 superseded by HTTP Cookie管理器
2026-04-28 16:36:44,267 INFO o.a.j.t.JMeterThread: Thread is done: 场景2-DEMO-在线报名并发 2-125
2026-04-28 16:36:44,267 INFO o.a.j.t.JMeterThread: Thread finished: 场景2-DEMO-在线报名并发 2-125
2026-04-28 16:36:44,451 INFO o.a.j.t.JMeterThread: Thread started: 场景2-DEMO-在线报名并发 2-126
2026-04-28 16:36:44,459 WARN o.a.j.p.h.s.HTTPSamplerBase: Existing CookieManager HTTP Cookie管理器 superseded by HTTP Cookie管理器
2026-04-28 16:36:44,465 INFO o.a.j.t.JMeterThread: Thread is done: 场景2-DEMO-在线报名并发 2-126
2026-04-28 16:36:44,465 INFO o.a.j.t.JMeterThread: Thread finished: 场景2-DEMO-在线报名并发 2-126
2026-04-28 16:36:44,653 INFO o.a.j.t.JMeterThread: Thread started: 场景2-DEMO-在线报名并发 2-127
2026-04-28 16:36:44,661 WARN o.a.j.p.h.s.HTTPSamplerBase: Existing CookieManager HTTP Cookie管理器 superseded by HTTP Cookie管理器
2026-04-28 16:36:44,667 INFO o.a.j.t.JMeterThread: Thread is done: 场景2-DEMO-在线报名并发 2-127
2026-04-28 16:36:44,667 INFO o.a.j.t.JMeterThread: Thread finished: 场景2-DEMO-在线报名并发 2-127
2026-04-28 16:36:44,853 INFO o.a.j.t.JMeterThread: Thread started: 场景2-DEMO-在线报名并发 2-128
2026-04-28 16:36:44,863 WARN o.a.j.p.h.s.HTTPSamplerBase: Existing CookieManager HTTP Cookie管理器 superseded by HTTP Cookie管理器
2026-04-28 16:36:44,882 INFO o.a.j.t.JMeterThread: Thread is done: 场景2-DEMO-在线报名并发 2-128
2026-04-28 16:36:44,883 INFO o.a.j.t.JMeterThread: Thread finished: 场景2-DEMO-在线报名并发 2-128
2026-04-28 16:36:45,051 INFO o.a.j.t.JMeterThread: Thread started: 场景2-DEMO-在线报名并发 2-129
2026-04-28 16:36:45,062 WARN o.a.j.p.h.s.HTTPSamplerBase: Existing CookieManager HTTP Cookie管理器 superseded by HTTP Cookie管理器
2026-04-28 16:36:45,068 INFO o.a.j.t.JMeterThread: Thread is done: 场景2-DEMO-在线报名并发 2-129
2026-04-28 16:36:45,068 INFO o.a.j.t.JMeterThread: Thread finished: 场景2-DEMO-在线报名并发 2-129
2026-04-28 16:36:45,249 INFO o.a.j.t.JMeterThread: Thread started: 场景2-DEMO-在线报名并发 2-130
2026-04-28 16:36:45,258 WARN o.a.j.p.h.s.HTTPSamplerBase: Existing CookieManager HTTP Cookie管理器 superseded by HTTP Cookie管理器
2026-04-28 16:36:45,263 INFO o.a.j.t.JMeterThread: Thread is done: 场景2-DEMO-在线报名并发 2-130
2026-04-28 16:36:45,263 INFO o.a.j.t.JMeterThread: Thread finished: 场景2-DEMO-在线报名并发 2-130
2026-04-28 16:36:45,445 INFO o.a.j.t.JMeterThread: Thread started: 场景2-DEMO-在线报名并发 2-131
2026-04-28 16:36:45,456 WARN o.a.j.p.h.s.HTTPSamplerBase: Existing CookieManager HTTP Cookie管理器 superseded by HTTP Cookie管理器
2026-04-28 16:36:45,461 INFO o.a.j.t.JMeterThread: Thread is done: 场景2-DEMO-在线报名并发 2-131
2026-04-28 16:36:45,461 INFO o.a.j.t.JMeterThread: Thread finished: 场景2-DEMO-在线报名并发 2-131
2026-04-28 16:36:45,652 INFO o.a.j.t.JMeterThread: Thread started: 场景2-DEMO-在线报名并发 2-132
2026-04-28 16:36:45,662 WARN o.a.j.p.h.s.HTTPSamplerBase: Existing CookieManager HTTP Cookie管理器 superseded by HTTP Cookie管理器
2026-04-28 16:36:45,668 INFO o.a.j.t.JMeterThread: Thread is done: 场景2-DEMO-在线报名并发 2-132
2026-04-28 16:36:45,668 INFO o.a.j.t.JMeterThread: Thread finished: 场景2-DEMO-在线报名并发 2-132
2026-04-28 16:36:45,850 INFO o.a.j.t.JMeterThread: Thread started: 场景2-DEMO-在线报名并发 2-133
2026-04-28 16:36:45,859 WARN o.a.j.p.h.s.HTTPSamplerBase: Existing CookieManager HTTP Cookie管理器 superseded by HTTP Cookie管理器
2026-04-28 16:36:45,865 INFO o.a.j.t.JMeterThread: Thread is done: 场景2-DEMO-在线报名并发 2-133
2026-04-28 16:36:45,866 INFO o.a.j.t.JMeterThread: Thread finished: 场景2-DEMO-在线报名并发 2-133
2026-04-28 16:36:46,050 INFO o.a.j.t.JMeterThread: Thread started: 场景2-DEMO-在线报名并发 2-134
2026-04-28 16:36:46,059 WARN o.a.j.p.h.s.HTTPSamplerBase: Existing CookieManager HTTP Cookie管理器 superseded by HTTP Cookie管理器
2026-04-28 16:36:46,065 INFO o.a.j.t.JMeterThread: Thread is done: 场景2-DEMO-在线报名并发 2-134
2026-04-28 16:36:46,065 INFO o.a.j.t.JMeterThread: Thread finished: 场景2-DEMO-在线报名并发 2-134
2026-04-28 16:36:46,251 INFO o.a.j.t.JMeterThread: Thread started: 场景2-DEMO-在线报名并发 2-135
2026-04-28 16:36:46,260 WARN o.a.j.p.h.s.HTTPSamplerBase: Existing CookieManager HTTP Cookie管理器 superseded by HTTP Cookie管理器
2026-04-28 16:36:46,266 INFO o.a.j.t.JMeterThread: Thread is done: 场景2-DEMO-在线报名并发 2-135
2026-04-28 16:36:46,266 INFO o.a.j.t.JMeterThread: Thread finished: 场景2-DEMO-在线报名并发 2-135
2026-04-28 16:36:46,451 INFO o.a.j.t.JMeterThread: Thread started: 场景2-DEMO-在线报名并发 2-136
2026-04-28 16:36:46,461 WARN o.a.j.p.h.s.HTTPSamplerBase: Existing CookieManager HTTP Cookie管理器 superseded by HTTP Cookie管理器
2026-04-28 16:36:46,466 INFO o.a.j.t.JMeterThread: Thread is done: 场景2-DEMO-在线报名并发 2-136
2026-04-28 16:36:46,466 INFO o.a.j.t.JMeterThread: Thread finished: 场景2-DEMO-在线报名并发 2-136
2026-04-28 16:36:46,646 INFO o.a.j.t.JMeterThread: Thread started: 场景2-DEMO-在线报名并发 2-137
2026-04-28 16:36:46,653 WARN o.a.j.p.h.s.HTTPSamplerBase: Existing CookieManager HTTP Cookie管理器 superseded by HTTP Cookie管理器
2026-04-28 16:36:46,658 INFO o.a.j.t.JMeterThread: Thread is done: 场景2-DEMO-在线报名并发 2-137
2026-04-28 16:36:46,658 INFO o.a.j.t.JMeterThread: Thread finished: 场景2-DEMO-在线报名并发 2-137
2026-04-28 16:36:46,847 INFO o.a.j.t.JMeterThread: Thread started: 场景2-DEMO-在线报名并发 2-138
2026-04-28 16:36:46,855 WARN o.a.j.p.h.s.HTTPSamplerBase: Existing CookieManager HTTP Cookie管理器 superseded by HTTP Cookie管理器
2026-04-28 16:36:46,861 INFO o.a.j.t.JMeterThread: Thread is done: 场景2-DEMO-在线报名并发 2-138
2026-04-28 16:36:46,861 INFO o.a.j.t.JMeterThread: Thread finished: 场景2-DEMO-在线报名并发 2-138
2026-04-28 16:36:47,051 INFO o.a.j.t.JMeterThread: Thread started: 场景2-DEMO-在线报名并发 2-139
2026-04-28 16:36:47,060 WARN o.a.j.p.h.s.HTTPSamplerBase: Existing CookieManager HTTP Cookie管理器 superseded by HTTP Cookie管理器
2026-04-28 16:36:47,065 INFO o.a.j.t.JMeterThread: Thread is done: 场景2-DEMO-在线报名并发 2-139
2026-04-28 16:36:47,065 INFO o.a.j.t.JMeterThread: Thread finished: 场景2-DEMO-在线报名并发 2-139
2026-04-28 16:36:47,251 INFO o.a.j.t.JMeterThread: Thread started: 场景2-DEMO-在线报名并发 2-140
2026-04-28 16:36:47,261 WARN o.a.j.p.h.s.HTTPSamplerBase: Existing CookieManager HTTP Cookie管理器 superseded by HTTP Cookie管理器
2026-04-28 16:36:47,267 INFO o.a.j.t.JMeterThread: Thread is done: 场景2-DEMO-在线报名并发 2-140
2026-04-28 16:36:47,267 INFO o.a.j.t.JMeterThread: Thread finished: 场景2-DEMO-在线报名并发 2-140
2026-04-28 16:36:47,448 INFO o.a.j.t.JMeterThread: Thread started: 场景2-DEMO-在线报名并发 2-141
2026-04-28 16:36:47,457 WARN o.a.j.p.h.s.HTTPSamplerBase: Existing CookieManager HTTP Cookie管理器 superseded by HTTP Cookie管理器
2026-04-28 16:36:47,460 INFO o.a.j.t.JMeterThread: Thread is done: 场景2-DEMO-在线报名并发 2-141
2026-04-28 16:36:47,460 INFO o.a.j.t.JMeterThread: Thread finished: 场景2-DEMO-在线报名并发 2-141
2026-04-28 16:36:47,648 INFO o.a.j.t.JMeterThread: Thread started: 场景2-DEMO-在线报名并发 2-142
2026-04-28 16:36:47,661 WARN o.a.j.p.h.s.HTTPSamplerBase: Existing CookieManager HTTP Cookie管理器 superseded by HTTP Cookie管理器
2026-04-28 16:36:47,670 INFO o.a.j.t.JMeterThread: Thread is done: 场景2-DEMO-在线报名并发 2-142
2026-04-28 16:36:47,670 INFO o.a.j.t.JMeterThread: Thread finished: 场景2-DEMO-在线报名并发 2-142
2026-04-28 16:36:47,845 INFO o.a.j.t.JMeterThread: Thread started: 场景2-DEMO-在线报名并发 2-143
2026-04-28 16:36:47,853 WARN o.a.j.p.h.s.HTTPSamplerBase: Existing CookieManager HTTP Cookie管理器 superseded by HTTP Cookie管理器
2026-04-28 16:36:47,858 INFO o.a.j.t.JMeterThread: Thread is done: 场景2-DEMO-在线报名并发 2-143
2026-04-28 16:36:47,858 INFO o.a.j.t.JMeterThread: Thread finished: 场景2-DEMO-在线报名并发 2-143
2026-04-28 16:36:48,051 INFO o.a.j.t.JMeterThread: Thread started: 场景2-DEMO-在线报名并发 2-144
2026-04-28 16:36:48,060 WARN o.a.j.p.h.s.HTTPSamplerBase: Existing CookieManager HTTP Cookie管理器 superseded by HTTP Cookie管理器
2026-04-28 16:36:48,066 INFO o.a.j.t.JMeterThread: Thread is done: 场景2-DEMO-在线报名并发 2-144
2026-04-28 16:36:48,066 INFO o.a.j.t.JMeterThread: Thread finished: 场景2-DEMO-在线报名并发 2-144
2026-04-28 16:36:48,247 INFO o.a.j.t.JMeterThread: Thread started: 场景2-DEMO-在线报名并发 2-145
2026-04-28 16:36:48,256 WARN o.a.j.p.h.s.HTTPSamplerBase: Existing CookieManager HTTP Cookie管理器 superseded by HTTP Cookie管理器
2026-04-28 16:36:48,262 INFO o.a.j.t.JMeterThread: Thread is done: 场景2-DEMO-在线报名并发 2-145
2026-04-28 16:36:48,262 INFO o.a.j.t.JMeterThread: Thread finished: 场景2-DEMO-在线报名并发 2-145
2026-04-28 16:36:48,449 INFO o.a.j.t.JMeterThread: Thread started: 场景2-DEMO-在线报名并发 2-146
2026-04-28 16:36:48,459 WARN o.a.j.p.h.s.HTTPSamplerBase: Existing CookieManager HTTP Cookie管理器 superseded by HTTP Cookie管理器
2026-04-28 16:36:48,463 INFO o.a.j.t.JMeterThread: Thread is done: 场景2-DEMO-在线报名并发 2-146
2026-04-28 16:36:48,464 INFO o.a.j.t.JMeterThread: Thread finished: 场景2-DEMO-在线报名并发 2-146
2026-04-28 16:36:48,648 INFO o.a.j.t.JMeterThread: Thread started: 场景2-DEMO-在线报名并发 2-147
2026-04-28 16:36:48,657 WARN o.a.j.p.h.s.HTTPSamplerBase: Existing CookieManager HTTP Cookie管理器 superseded by HTTP Cookie管理器
2026-04-28 16:36:48,663 INFO o.a.j.t.JMeterThread: Thread is done: 场景2-DEMO-在线报名并发 2-147
2026-04-28 16:36:48,664 INFO o.a.j.t.JMeterThread: Thread finished: 场景2-DEMO-在线报名并发 2-147
2026-04-28 16:36:48,849 INFO o.a.j.t.JMeterThread: Thread started: 场景2-DEMO-在线报名并发 2-148
2026-04-28 16:36:48,858 WARN o.a.j.p.h.s.HTTPSamplerBase: Existing CookieManager HTTP Cookie管理器 superseded by HTTP Cookie管理器
2026-04-28 16:36:48,864 INFO o.a.j.t.JMeterThread: Thread is done: 场景2-DEMO-在线报名并发 2-148
2026-04-28 16:36:48,864 INFO o.a.j.t.JMeterThread: Thread finished: 场景2-DEMO-在线报名并发 2-148
2026-04-28 16:36:49,050 INFO o.a.j.t.JMeterThread: Thread started: 场景2-DEMO-在线报名并发 2-149
2026-04-28 16:36:49,060 WARN o.a.j.p.h.s.HTTPSamplerBase: Existing CookieManager HTTP Cookie管理器 superseded by HTTP Cookie管理器
2026-04-28 16:36:49,065 INFO o.a.j.t.JMeterThread: Thread is done: 场景2-DEMO-在线报名并发 2-149
2026-04-28 16:36:49,065 INFO o.a.j.t.JMeterThread: Thread finished: 场景2-DEMO-在线报名并发 2-149
2026-04-28 16:36:49,249 INFO o.a.j.t.JMeterThread: Thread started: 场景2-DEMO-在线报名并发 2-150
2026-04-28 16:36:49,259 WARN o.a.j.p.h.s.HTTPSamplerBase: Existing CookieManager HTTP Cookie管理器 superseded by HTTP Cookie管理器
2026-04-28 16:36:49,265 INFO o.a.j.t.JMeterThread: Thread is done: 场景2-DEMO-在线报名并发 2-150
2026-04-28 16:36:49,265 INFO o.a.j.t.JMeterThread: Thread finished: 场景2-DEMO-在线报名并发 2-150
2026-04-28 16:36:49,266 INFO o.a.j.e.StandardJMeterEngine: Notifying test listeners of end of test
2026-04-28 16:36:49,266 INFO o.a.j.s.FileServer: Close: /Users/daixin/Java_project/jmeter_java_signup_pack/jmeter/students_demo.csv
2026-04-28 16:36:49,266 INFO o.a.j.r.Summariser: summary +    713 in 00:00:19 =   37.0/s Avg:     2 Min:     0 Max:    17 Err:   194 (27.21%) Active: 0 Started: 180 Finished: 180
2026-04-28 16:36:49,266 INFO o.a.j.r.Summariser: summary =   1350 in 00:00:30 =   45.2/s Avg:     2 Min:     0 Max:    18 Err:   300 (22.22%)
2026-04-28 16:36:49,266 INFO o.a.j.JMeter: Generating Dashboard
2026-04-28 16:36:49,266 INFO o.a.j.r.d.ReportGenerator: Flushing result collector before report Generation
2026-04-28 16:36:49,274 INFO o.a.j.r.p.NormalizerSampleConsumer: Using format, 'ms', to parse timeStamp field
2026-04-28 16:36:49,362 INFO o.a.j.r.p.AbstractSampleConsumer: class org.apache.jmeter.report.processor.AggregateConsumer#stopProducing(): beginDate produced 0 samples
2026-04-28 16:36:49,362 INFO o.a.j.r.p.AbstractSampleConsumer: class org.apache.jmeter.report.processor.AggregateConsumer#stopProducing(): endDate produced 0 samples
2026-04-28 16:36:49,364 INFO o.a.j.r.p.AbstractSampleConsumer: class org.apache.jmeter.report.processor.ApdexSummaryConsumer#stopProducing(): apdexSummary produced 0 samples
2026-04-28 16:36:49,364 INFO o.a.j.r.p.AbstractSampleConsumer: class org.apache.jmeter.report.processor.RequestsSummaryConsumer#stopProducing(): requestsSummary produced 0 samples
2026-04-28 16:36:49,368 INFO o.a.j.r.p.AbstractSampleConsumer: class org.apache.jmeter.report.processor.StatisticsSummaryConsumer#stopProducing(): statisticsSummary produced 0 samples
2026-04-28 16:36:49,370 INFO o.a.j.r.p.AbstractSampleConsumer: class org.apache.jmeter.report.processor.Top5ErrorsBySamplerConsumer#stopProducing(): top5ErrorsBySampler produced 0 samples
2026-04-28 16:36:49,370 INFO o.a.j.r.p.AbstractSampleConsumer: class org.apache.jmeter.report.processor.ErrorsSummaryConsumer#stopProducing(): errorsSummary produced 0 samples
2026-04-28 16:36:49,370 INFO o.a.j.r.p.AbstractSampleConsumer: class org.apache.jmeter.report.processor.graph.impl.HitsPerSecondGraphConsumer#stopProducing(): hitsPerSecond produced 0 samples
2026-04-28 16:36:49,387 INFO o.a.j.r.p.AbstractSampleConsumer: class org.apache.jmeter.report.processor.graph.impl.LatencyVSRequestGraphConsumer#stopProducing(): latencyVsRequest produced 0 samples
2026-04-28 16:36:49,387 INFO o.a.j.r.p.AbstractSampleConsumer: class org.apache.jmeter.report.processor.graph.impl.SyntheticResponseTimeDistributionGraphConsumer#stopProducing(): syntheticResponseTimeDistribution produced 0 samples
2026-04-28 16:36:49,387 INFO o.a.j.r.p.AbstractSampleConsumer: class org.apache.jmeter.report.processor.graph.impl.BytesThroughputGraphConsumer#stopProducing(): bytesThroughputOverTime produced 0 samples
2026-04-28 16:36:49,387 INFO o.a.j.r.p.AbstractSampleConsumer: class org.apache.jmeter.report.processor.graph.impl.CodesPerSecondGraphConsumer#stopProducing(): codesPerSecond produced 0 samples
2026-04-28 16:36:49,397 INFO o.a.j.r.p.AbstractSampleConsumer: class org.apache.jmeter.report.processor.graph.impl.ResponseTimeVSRequestGraphConsumer#stopProducing(): responseTimeVsRequest produced 0 samples
2026-04-28 16:36:49,397 INFO o.a.j.r.p.AbstractSampleConsumer: class org.apache.jmeter.report.processor.FilterConsumer#stopProducing(): startIntervalControlerFilter produced 9450 samples
2026-04-28 16:36:49,397 INFO o.a.j.r.p.AbstractSampleConsumer: class org.apache.jmeter.report.processor.graph.impl.TotalTPSGraphConsumer#stopProducing(): totalTPS produced 0 samples
2026-04-28 16:36:49,397 INFO o.a.j.r.p.AbstractSampleConsumer: class org.apache.jmeter.report.processor.graph.impl.ActiveThreadsGraphConsumer#stopProducing(): activeThreadsOverTime produced 0 samples
2026-04-28 16:36:49,397 INFO o.a.j.r.p.AbstractSampleConsumer: class org.apache.jmeter.report.processor.graph.impl.TimeVSThreadGraphConsumer#stopProducing(): timeVsThreads produced 0 samples
2026-04-28 16:36:49,397 INFO o.a.j.r.p.AbstractSampleConsumer: class org.apache.jmeter.report.processor.graph.impl.ResponseTimeDistributionGraphConsumer#stopProducing(): responseTimeDistribution produced 0 samples
2026-04-28 16:36:49,397 INFO o.a.j.r.p.AbstractSampleConsumer: class org.apache.jmeter.report.processor.graph.impl.TransactionsPerSecondGraphConsumer#stopProducing(): transactionsPerSecond produced 0 samples
2026-04-28 16:36:49,397 INFO o.a.j.r.p.AbstractSampleConsumer: class org.apache.jmeter.report.processor.graph.impl.ResponseTimePercentilesGraphConsumer#stopProducing(): responseTimePercentiles produced 0 samples
2026-04-28 16:36:49,398 INFO o.a.j.r.p.AbstractSampleConsumer: class org.apache.jmeter.report.processor.graph.impl.ResponseTimePercentilesOverTimeGraphConsumer#stopProducing(): responseTimePercentilesOverTime produced 0 samples
2026-04-28 16:36:49,398 INFO o.a.j.r.p.AbstractSampleConsumer: class org.apache.jmeter.report.processor.graph.impl.ResponseTimeOverTimeGraphConsumer#stopProducing(): responseTimesOverTime produced 0 samples
2026-04-28 16:36:49,398 INFO o.a.j.r.p.AbstractSampleConsumer: class org.apache.jmeter.report.processor.graph.impl.ConnectTimeOverTimeGraphConsumer#stopProducing(): connectTimeOverTime produced 0 samples
2026-04-28 16:36:49,398 INFO o.a.j.r.p.AbstractSampleConsumer: class org.apache.jmeter.report.processor.graph.impl.LatencyOverTimeGraphConsumer#stopProducing(): latenciesOverTime produced 0 samples
2026-04-28 16:36:49,398 INFO o.a.j.r.p.AbstractSampleConsumer: class org.apache.jmeter.report.processor.FilterConsumer#stopProducing(): nameFilter produced 20250 samples
2026-04-28 16:36:49,398 INFO o.a.j.r.p.AbstractSampleConsumer: class org.apache.jmeter.report.processor.FilterConsumer#stopProducing(): dateRangeFilter produced 4050 samples
2026-04-28 16:36:49,398 INFO o.a.j.r.p.AbstractSampleConsumer: class org.apache.jmeter.report.processor.NormalizerSampleConsumer#stopProducing(): normalizer produced 1350 samples
2026-04-28 16:36:49,399 INFO o.a.j.r.p.CsvFileSampleSource: produce(): 1350 samples produced in 114ms on channel 0
2026-04-28 16:36:49,399 INFO o.a.j.r.d.ReportGenerator: Exporting data using exporter:'json' of className:'org.apache.jmeter.report.dashboard.JsonExporter'
2026-04-28 16:36:49,434 INFO o.a.j.r.d.JsonExporter: Found data for consumer statisticsSummary in context
2026-04-28 16:36:49,434 INFO o.a.j.r.d.JsonExporter: Creating statistics for overall
2026-04-28 16:36:49,434 INFO o.a.j.r.d.JsonExporter: Creating statistics for other transactions
2026-04-28 16:36:49,434 INFO o.a.j.r.d.JsonExporter: Checking output folder
2026-04-28 16:36:49,435 INFO o.a.j.r.d.JsonExporter: Writing statistics JSON to /Users/daixin/Java_project/jmeter_java_signup_pack/jmeter/runs/20260428_163618/report/statistics.json
2026-04-28 16:36:49,453 INFO o.a.j.r.d.ReportGenerator: Exporting data using exporter:'html' of className:'org.apache.jmeter.report.dashboard.HtmlTemplateExporter'
2026-04-28 16:36:49,454 INFO o.a.j.r.d.HtmlTemplateExporter: Will generate dashboard in folder: /Users/daixin/Java_project/jmeter_java_signup_pack/jmeter/runs/20260428_163618/report
2026-04-28 16:36:49,502 INFO o.a.j.r.d.HtmlTemplateExporter: Report will be generated in: /Users/daixin/Java_project/jmeter_java_signup_pack/jmeter/runs/20260428_163618/report, creating folder structure
2026-04-28 16:36:49,504 INFO o.a.j.r.d.TemplateVisitor: Copying folder from '/opt/homebrew/Cellar/jmeter/5.6.3/libexec/bin/report-template' to '/Users/daixin/Java_project/jmeter_java_signup_pack/jmeter/runs/20260428_163618/report', got message: /Users/daixin/Java_project/jmeter_java_signup_pack/jmeter/runs/20260428_163618/report, found non empty folder with following content [/Users/daixin/Java_project/jmeter_java_signup_pack/jmeter/runs/20260428_163618/report/statistics.json], will be ignored
2026-04-28 16:36:49,653 INFO o.a.j.JMeter: Dashboard generated
