2026-04-28 15:44:41,272 INFO o.a.j.u.JMeterUtils: Setting Locale to en_EN
2026-04-28 15:44:41,283 INFO o.a.j.JMeter: Loading user properties from: /opt/homebrew/Cellar/jmeter/5.6.3/libexec/bin/user.properties
2026-04-28 15:44:41,283 INFO o.a.j.JMeter: Loading system properties from: /opt/homebrew/Cellar/jmeter/5.6.3/libexec/bin/system.properties
2026-04-28 15:44:41,286 INFO o.a.j.JMeter: Copyright (c) 1998-2024 The Apache Software Foundation
2026-04-28 15:44:41,287 INFO o.a.j.JMeter: Version 5.6.3
2026-04-28 15:44:41,287 INFO o.a.j.JMeter: java.version=21.0.10
2026-04-28 15:44:41,287 INFO o.a.j.JMeter: java.vm.name=OpenJDK 64-Bit Server VM
2026-04-28 15:44:41,287 INFO o.a.j.JMeter: os.name=Mac OS X
2026-04-28 15:44:41,287 INFO o.a.j.JMeter: os.arch=aarch64
2026-04-28 15:44:41,287 INFO o.a.j.JMeter: os.version=26.3.1
2026-04-28 15:44:41,287 INFO o.a.j.JMeter: file.encoding=UTF-8
2026-04-28 15:44:41,287 INFO o.a.j.JMeter: java.awt.headless=null
2026-04-28 15:44:41,287 INFO o.a.j.JMeter: Max memory     =1073741824
2026-04-28 15:44:41,287 INFO o.a.j.JMeter: Available Processors =10
2026-04-28 15:44:41,292 INFO o.a.j.JMeter: Default Locale=English (EN)
2026-04-28 15:44:41,292 INFO o.a.j.JMeter: JMeter  Locale=English (EN)
2026-04-28 15:44:41,292 INFO o.a.j.JMeter: JMeterHome=/opt/homebrew/Cellar/jmeter/5.6.3/libexec
2026-04-28 15:44:41,292 INFO o.a.j.JMeter: user.dir  =/Users/daixin/Java_project/jmeter_java_signup_pack
2026-04-28 15:44:41,292 INFO o.a.j.JMeter: PWD       =/Users/daixin/Java_project/jmeter_java_signup_pack
2026-04-28 15:44:41,294 INFO o.a.j.JMeter: IP: 127.0.0.1 Name: daixindeMacBook-Pro.local FullName: localhost
2026-04-28 15:44:41,301 INFO o.a.j.JMeter: Loaded icon properties from org/apache/jmeter/images/icon.properties
2026-04-28 15:44:41,578 INFO o.a.j.JMeterGuiLauncher: Setting LAF to: com.github.weisj.darklaf.DarkLaf:com.github.weisj.darklaf.theme.DarculaTheme
2026-04-28 15:44:42,447 INFO o.a.j.r.ClassFinder: Will scan jar /opt/homebrew/Cellar/jmeter/5.6.3/libexec/lib/ext/jmeter-plugins-manager-1.9.jar with filter ExtendsClassFilter [parents=[interface org.apache.jmeter.gui.action.Command], inner=false, contains=null, notContains=null]. Consider exposing JMeter plugins via META-INF/services, and add JMeter-Skip-Class-Scanning=true manifest attribute so JMeter can skip classfile scanning
2026-04-28 15:44:42,512 INFO o.a.j.r.ClassFinder: Will scan jar /opt/homebrew/Cellar/jmeter/5.6.3/libexec/lib/ext/jmeter-plugins-manager-1.9.jar with filter ExtendsClassFilter [parents=[interface org.apache.jmeter.gui.plugin.MenuCreator], inner=false, contains=null, notContains=null]. Consider exposing JMeter plugins via META-INF/services, and add JMeter-Skip-Class-Scanning=true manifest attribute so JMeter can skip classfile scanning
2026-04-28 15:44:42,539 INFO o.j.r.JARSourceHTTP: Using proxy 127.0.0.1:1082
2026-04-28 15:44:42,541 INFO o.j.r.JARSourceHTTP: Using proxy 127.0.0.1:1082
2026-04-28 15:44:42,579 INFO o.j.r.JARSourceHTTP: Found cached repo
2026-04-28 15:44:42,686 INFO o.j.r.JARSourceHTTP: Using proxy 127.0.0.1:1082
2026-04-28 15:44:42,686 INFO o.j.r.PluginManager: Plugins Status: [jpgc-plugins-manager=1.9, jmeter-core=5.6.3, jmeter-ftp=5.6.3, jmeter-http=5.6.3, jmeter-jdbc=5.6.3, jmeter-jms=5.6.3, jmeter-junit=5.6.3, jmeter-java=5.6.3, jmeter-ldap=5.6.3, jmeter-mail=5.6.3, jmeter-mongodb=5.6.3, jmeter-native=5.6.3, jmeter-tcp=5.6.3, jmeter-components=5.6.3]
2026-04-28 15:44:42,687 INFO o.j.r.PluginManagerMenuItem: Plugins Manager has upgrades: [jpgc-plugins-manager]
